1
1
13
1
4
4
20
0
18
7
0
1
1
0
2
0
13
0
4
4
12
18
7
0
0
1
0
1
1
0
1
0
1
0
0
0
0
1
0
0
1
0
0
0
0
1
1
1
0
1
0
1
1
0
0
0
0
0
1
0
0
1
0
1
1
1
0
1
0
1
1
0
1
0
0
2
1
0
1
1
0
0
1
1
1
1
3
2
0
1
1
0
0
0
0
0
0
1
1
0
0
1
1
0
0
0
0
1
0
1
1
0
0
1
1
0
1
1
1
0
1
0
1
0
1
1
0
1
1
0
0
1
0
1
0
1
0
0
1
0
1
1
1
0
1
0
1
1
0
0
0
0
0
0
1
0
1
1
1
0
1
1
1
0
1
1
0
0
0
1
1
0
1
0
1
0
1
1
0
1
0
1
0
0
1
0
1
1
4
1
1
0
1
1
1
0
0
0
0
0
1
1
1
1
0
0
2
1
0
1
0
1
