2533
1911
1
1553
1290
4137
5461
993
1
719
3595
4823
1
456
3007
9
2870
1
1
3777
3456
1
1
1
1
1
1
1
1748
1317
494
1
1
1
611
1
1
1
1802
4778
4289
2104
1
1496
1241
2522
1
2713
1
1
1
2056
1
2011
1
1778
2125
832
1
59
2496
1
4270
1365
5295
1
1
4637
1
1891
1725
1291
1
1
7
1
2776
1125
1
1
1650
1186
1811
1
695
1
1
45
1
1563
1
1
935
3781
1
1
2214
1821
1
1
2332
1
918
1
40
1327
1
409
1
982
1
1470
1
1
1
952
4905
1
1
3090
3235
1
1
1
2317
1
1
1
1
1583
1
1
1
1
1
512
1
1
1
10
1
4955
2489
2577
1
1552
544
1
1
1
1
5568
1698
1
2533
927
663
1
1
1672
404
1
1
1393
1157
1
1
310
2378
1
2729
1
2176
3161
1
1
586
3952
1
1
1765
1
1135
1
1
1349
1
1027
1
3349
858
1
1
3742
1071
1
235
2311
1
1
2386
2435
498
6010
1
195
1
1
1
1
3466
3527
1
5131
1
1
1
165
5154
930
1769
1946
1
4586
1
3289
1
5826
2176
962
3273
2237
1
207
3798
1
1
931
1707
1
1
1
641
1
1
1
1
549
1
1820
1
1
4928
1
1
3764
1
1
1310
1
1
1512
3019
4300
1658
1307
1
1
356
523
1
2935
2171
1999
4887
2506
1
1
1
4819
1
3383
2711
1
4043
244
1
1
2194
1
1
1
151
806
1
1
1
1
5800
3984
2372
1
953
4781
3516
1910
1
1531
2763
1
1
3469
3196
1
1
120
1
3478
2733
83
207
580
1
3983
4118
1
1
1
230
1
1
1
2899
1
1
1
1
1827
1
1
4400
1355
1
1
3656
1
2554
1
470
1
2714
1
1
3934
1
5837
1
1
1
1
1
1
1
1
3766
5842
1
1288
1
392
1
5316
4756
3482
1728
1
4327
1
1
1
3433
353
96
1
1
4199
383
5895
1
2004
1
1
3323
531
1
4523
1
1467
3795
761
1
1
1370
800
1
1
1
1
4200
1465
997
1
5127
1705
1636
1
1
494
2375
1
1
1898
996
1
1
1
395
2539
1656
1
1
2579
1581
3887
2368
2521
1
473
1833
3699
1
1
1
3108
1
1206
1
1
1
5795
1
3406
1
867
1
6126
1
1
1229
2163
193
1
1311
1
1260
740
1
1
112
1
1
1
705
4015
1
638
112
1270
1
1
1
2797
1
1113
585
1
2321
1
960
2542
2669
1
941
1
1
1
1
1
1
1
1
1
4227
3363
100
1
1
521
1
4167
1
3005
1
1
1
1
1
1
1
2811
1
1
2061
3405
1056
3310
1
54
1
1
3308
1907
1
3291
1
1
2639
1
1
1
1
1
1
47
4087
1
1
2912
1
1
1
834
1
119
4684
4261
1
1
662
1
1
1171
2163
3027
1870
1
1448
1
675
1
1
1712
1
1895
1
820
1
4415
3171
1298
299
2012
5321
1
5739
1
1
3906
1
2248
3377
1
1
1
1
1871
2822
3242
1400
1
816
682
1283
1
2452
1002
2443
1
1
1
1
6120
1
3470
167
1871
1
3097
1
1
1
273
947
1
1
1
1
2960
1
18
2189
1
1
1
3118
1
197
2009
1
1
1
3801
1
1
1
1
1
273
3314
1459
3937
1
2650
1
482
336
2674
1
1487
1
4734
1
1
642
4025
1180
1397
1
191
2372
437
1
1
722
1
1
2295
1
1
2147
3980
1
1
475
1919
447
1
1026
4450
1095
2389
2481
5035
5176
647
1
1
1915
5468
575
3885
961
2024
1
2932
202
2826
3696
3364
305
4470
1
769
669
210
1
4329
1
704
3222
1
1
2131
1
1
348
1
1
435
4294
1
1
1
3415
1
76
3809
1
5857
1
5139
1
1
2349
1
1560
432
1
1361
1
3188
3858
1
2721
385
1
5652
1965
1
5545
3875
1
8
4554
1
1
1
1286
2202
1
4423
1
1
1
2761
1
138
293
1
1
1
6033
1
2885
1
4468
1
781
2126
1
1
1
4171
1
2034
2100
1
1
1876
1
1245
941
8
1
1
1
4855
1
4613
520
762
835
1
1
1
1
1
1
1
3448
1
683
190
2271
5
1
1
3884
855
1951
1
4991
1634
1
1
3421
1
1
1
1
2717
1
2610
1
2259
1
1
1
3437
19
1
1
1
8
3348
560
1
1
1
1
322
1347
5181
3171
3567
5689
1
2297
276
2174
3820
2949
300
135
1
1
751
3271
1
1
1959
1
1182
1
1
1
1216
1
436
158
1
1117
1418
1
2375
1
1
173
1
1
1140
2224
1360
3709
1
918
3751
1
1
1
1463
782
1728
1
1
926
2363
1315
1
2196
1
1
56
4248
1
1
1
1
1
1
1
1
500
5469
1276
1164
1021
4326
2138
727
1
1
1
374
1
1
3595
579
17
1
1
911
1
2925
1
1511
1
570
1948
2521
1
1440
1
135
1
3676
289
1957
296
1
1
1
2011
1
1304
1
5421
1
1
1
1012
1
1874
1
374
1
1
1
1
2812
1
3376
3420
1
886
3483
1575
2324
1
1
1
1
1
1
1
2232
1
1
4269
4817
1
5196
1
1768
1
4941
2779
1
345
1
1605
1328
1
2125
1
1
1
1
1918
1653
1
3442
1
1
1
1737
397
1
1342
6077
1
2252
2466
630
476
1
1
1049
1
265
1
1
1
1
1
1462
1
1243
2345
1246
1151
1
911
219
1
3284
1
1030
3453
732
1
3602
2752
1
1
1
324
805
5129
1
413
1
1
1605
1042
3232
2155
3351
3779
1
3256
1
1
68
5339
1
3812
1
1743
1
1713
1
1
4589
1103
1
1
509
1
2608
1
1
1
1
265
1375
4624
1609
105
3006
1
210
3729
1
1028
3623
1
1172
1390
1
2867
1265
835
3474
1
1
6039
3625
3671
1
1
2031
590
1
1
1
1
1076
1
1
1463
524
1
2974
4142
1
1085
1
1
4207
1
1
1
1
999
2779
2056
1
1
1
1
1894
1719
5681
1
1
1
1
18
1
1
3426
1
1388
768
1
3417
1
4154
1
2736
1
5014
1
1617
1
1
6019
2040
1
1542
1
1121
1417
2185
1
1
4675
1696
1
1
2739
1997
2280
2039
1
1
1
699
1
1
1
423
1
1
4625
1
1
1
1
1761
4903
1579
3505
901
1
3345
2799
273
1
1
1
1991
2880
5280
1
4574
4216
1
1
2971
4316
1
1
3641
5274
1
4580
1637
3998
1
2086
1
2457
2680
1
1
5255
425
1554
1
977
1
2124
1
1
1
269
5671
1
1
1
1
1299
1
1
1
340
1
1
1
1
2732
6204
1
1
3888
679
1
1361
136
1
1
1
834
472
1
1206
1
3036
1
1
1
1
2665
3089
3165
1
1
1
1557
2342
2777
1
4045
1
3527
1
3019
4291
4126
1
1
53
776
1
1
1
1
1
1
1
3428
2464
1
1
1
3690
3299
1
1297
1
4016
3478
4916
1
1
1
1
195
1860
1
2662
1
1
1
1452
1
1
4105
1
1915
3182
2975
1
333
1
2660
556
1
3243
347
281
1468
1
1428
1
3271
1
2943
5457
3053
5467
1337
941
1
4492
2828
3363
1
1586
1953
2638
1032
1
1968
1
1
5526
1
1062
4446
1
70
2386
3861
1
1
2536
1483
1
1
1
3636
1481
5362
4380
1
1549
1
2349
66
2328
1
1511
1
3650
1
1
1
1149
2637
684
1
4685
1
1826
1
1
1
4854
1
162
1588
1402
2260
1
4370
1204
3722
1
1
3859
2588
1
1
1746
1
1
5072
1
647
122
697
3428
1
1
1
1242
1
2690
3570
519
2289
2894
3105
977
1
1372
3094
1913
773
1513
1
1
1
1
230
485
1
1
663
1
1
1
7
1
1
3197
1
1
1
1
1960
1
382
1
1
1
4316
3603
1049
5026
1
133
1
3489
1
3255
1
56
1
1
5022
1616
3068
1
1211
1
1
1
1124
1463
183
1
1
3722
2706
2555
1367
3008
3216
354
1
947
3769
353
4224
2101
1
1121
1
1
1
1
3083
2204
1
5560
1
1
291
563
1310
1131
253
1
1564
1
1
1
1
2958
1
1
2119
1601
2470
1
1
1597
3039
5333
961
1
1
1
478
1
1
69
4496
1
1705
452
4497
1
1
1715
1
2693
1334
1444
1
2230
4145
2747
1
1327
1
2570
1
1
2943
1888
1
1424
1
1239
1720
2166
1
3548
1
1
1
1
3247
1942
33
1
1
1
2071
1274
5043
4766
2025
2322
1831
1
615
1
1
1
1
2786
592
470
978
1
3886
1
1
1106
1
5108
1
1
555
121
1
4854
2176
1135
1
1070
911
1861
1
10
1
1
1
5787
1389
337
1
1
1
298
1
4
1
1
78
1
1403
4005
1
1
1
1
5074
2644
3094
327
1
1105
5085
1
2886
1
1
19
1590
3389
2411
3366
1574
802
1
530
1
1
816
1
1116
1
2239
1
1
1824
1
607
3152
4707
1381
1
1180
1566
1
1
1026
912
1
761
1005
2324
1
1
1
1841
1
2527
1
1
1170
1
1
2429
583
1
621
1745
1
1
1
1
1
341
877
1
3395
2708
1
610
1
1
1
1
4937
1389
1
1
1
38
2157
2756
1
1
1
1
1
2869
2204
456
1
1
1
963
1
206
1
1
1
1
2293
1851
1
1730
4273
1
3112
1
3489
3981
1664
3460
454
1605
1
1793
166
4019
4284
1
1
1
505
1
1
3978
1
1
2421
1203
1
1506
1
1
1
1
1
1
1
1
1
1130
1389
1
1568
751
1
721
2407
3969
1
1
1177
2934
741
1
1
1
989
840
465
1
1
1128
2006
4808
1921
1
1
1
51
3215
1
4010
1
3228
1
1
1
5395
1
1
667
1
1
1
2102
1
1
1
1
1
1585
1
1
1
732
1
1
1
2273
2592
1
210
2087
1606
1797
1
1
1066
79
527
1
1603
1098
1202
1
1
1
1
337
1
1
4666
1384
1
1
1
2597
3837
1
2525
2037
3437
905
3447
1
1
290
671
1
4822
1
96
1
1
3600
1536
137
25
1188
1
3723
1
1
1
3738
1
316
5204
363
1
1
2540
1637
1
1
685
1406
3936
3558
1
2067
808
1
2572
4601
3387
947
1
1
1
114
1
1199
1405
2568
1
5281
2214
1
2045
1
1
2929
1
1
1
1
1
1
4016
1
2766
1
1
3415
1
1
2529
2355
1
1
415
2769
5748
4265
1141
1
1
107
4583
1
1
1
1
365
1
3433
1
2245
1667
1244
5716
1
2544
1
1
1
1
1
1
1
1
1
1
984
5262
3084
1
1
3953
6288
1034
1
1079
1
4258
1
705
1
1
1
1
1512
1
291
3654
177
2569
1
1
1
4452
1
1
2084
1
3628
5357
2310
1347
1462
579
1
1
1
1
1
5016
832
1
2353
1
166
1119
1
1
4003
523
542
1
2819
1
4485
556
788
1550
1
1560
1
1
1
1
6193
435
1
3210
1509
4940
1
1
1516
274
399
40
1640
3071
1
441
1
2115
51
2614
3407
1
1
4578
1
1
1246
1
216
162
502
233
1430
4177
1
1
4101
1
1
2505
4833
5557
1
1
1038
227
1
1
1
16
2855
2536
1246
1
2332
4437
1
1
1
1
1
5003
1
1
1
585
1442
1
1
1
1265
1427
1
4557
1
1
4946
3485
1
1
1
502
1
1
1
1
60
1
2139
3172
488
86
1
1
1
1
1
1
255
4393
1
4519
1063
1
1
3058
1
1
1705
1
1836
1
1
2631
169
1
1
3525
1
1
422
1
1
1
583
1
1
505
4347
1
1
4002
6254
1
2190
5732
1
1
1
1
1
434
2081
1
1
1
1718
1
1
1
2643
193
1
1
1
1
266
1
1
2074
1878
1099
1
2458
1
1045
138
1
5577
2274
412
432
186
1
1
1982
1
1
598
521
48
1
1
3828
2380
1099
1
2573
1822
575
2955
1846
1591
2139
1
136
1
785
1
1181
1
3402
3064
1389
516
1
1
4209
1
1
50
588
236
1
1
1
1
1
283
1
2335
1
3691
1
1
6002
1
1
1
1
3276
936
1709
1207
4311
1
1
1
1
1
1
1
1
621
1
2325
526
309
702
1
1
1
4808
1
1
4606
1
1
34
1
1
691
1
1
673
1
1119
4069
1
3001
1
3269
1968
1
4362
1
1676
1
1106
1
1
1
1767
4457
1
128
1
231
1
1
853
436
3170
1
629
1
3056
1
1136
1
1
1124
1428
479
1
1
3452
861
1
1
1
1
1165
1869
2587
5836
735
1
1
1
1
1
811
1
2340
1
1134
1
3531
127
1
104
1
1
1
4838
1
1
1
1
1
2831
1
85
1
1
1
729
3880
5479
830
345
1236
4851
2360
1
521
1240
1
1
1
1335
695
3144
2599
1
1
1
1016
4734
1276
3954
1
1
1
1359
2248
3223
1495
1
4877
507
2415
1
1
1
1
793
572
1
136
1
1
1866
1
1203
1
1
1
922
1144
1
1
3705
1066
1
1
1
1
2003
2749
1
1
110
4727
1
5159
1
1
1
2562
2712
1
1570
1
477
638
1
778
160
1
1
2083
1
1
1
1
232
5998
1
1
1
2325
1
2853
682
1127
1
1559
1
1085
1
1
1
1
1889
1
1
1
20
2710
1
1
1
1
1
848
1
1587
958
1
1300
1
1079
1
1
1
2757
3729
1467
1
3855
1
1
1
5207
1
3975
1789
4232
1
1
2154
1409
1
1
6186
1
837
1
1
1
882
1
1550
3589
3934
5117
1
1
1
3976
2035
1
1
1
1326
1
1196
1
2239
66
4807
3317
1
2777
4720
1
1
1
2980
1
1
1748
2787
1
1943
4159
1
1
1
1
1
1
1
505
1
913
1
2581
1
379
1
1
1
1
3678
1
2195
1
4723
1
1064
1
545
1
1
1
256
1
1239
1
1
1224
1
1252
1089
1757
1554
4924
1
2343
1
1
1449
733
1
3922
2509
1949
1
3957
206
1
599
1323
4907
1926
1
1704
2502
907
1
3079
1
1
857
1184
1041
420
1
1
473
207
4597
405
1
4596
2354
1048
1
1400
1766
4883
1
1
1337
2456
1
1
1
789
567
1566
3140
3278
1
1
1
1
4275
1
1123
4300
1
2788
1
1
1
670
1
1
1
4896
2819
3512
1942
211
2744
2407
1
110
3809
1560
1
1942
1
1
1
141
1
1
1
1
4198
1
1
1
584
470
1
1
2523
1
1243
1
514
3217
1
2434
209
1
4051
483
259
1
1
1
3037
1
5469
1231
4605
1
1
1769
1
1
3343
1
4448
1
1076
2715
4047
1
2351
604
1
5513
2046
1
319
1
106
1
1
1
1
2682
2916
1
1
1
2991
1
1
1
1
1
224
936
1
108
500
1
1
5523
1
108
4388
1
1
1
1
3949
340
1
1
2590
36
498
1
1
1
3695
1
1
113
2475
1
1
1
1
1
4086
1825
2032
1
1
2538
3127
1
1
1
1
1585
1
192
1708
3993
893
3675
1
1
1
1
1
2203
1
2023
3771
4126
4928
385
1
1
2520
602
1
1
1
3297
1
2160
2598
687
543
2125
1
3227
1
5212
1
1
1
1036
1341
1069
1
1
1
1
1
3186
2190
1
1
5243
673
3850
1
4279
3379
1681
1
1237
5583
1
1081
1
1
1364
3213
1
804
1
1
805
1470
4593
1
2991
2539
648
141
1138
1
1892
3947
2117
1
1
1
1
1445
1
2952
1
1
1
1
1
1
458
1
1
3796
1
193
70
1
559
1
1
1
1
1
2277
2862
1
57
4044
1
1
1
1
1
1
1
1157
1
1532
2680
2826
1
1
2116
402
1
152
1
1
3575
1
1
1
2546
2898
1
93
1
1
1
2326
1
1755
1643
1
1
35
2425
1
1
1
1
1
809
1
2393
1
1
1
1161
1
61
1593
2773
1
1473
3984
65
1
102
3744
1
1
5089
1627
1361
1800
5083
1
1
1924
1
5100
3942
397
4450
1
3626
1
1
181
3259
1
1
4716
414
5593
306
1
501
3196
1
1
1
1490
1
1
2840
1
5135
1
2460
1
1
2283
1
1
2399
1
1
1829
2027
1
1
1439
2296
1803
1
1
2723
148
1
1
1289
1
1
1
1
1
1
1
561
1818
1
1
1
1
1
1
5591
2123
3592
1585
1
1
1
1
1
1
1
1
1
1
1
1
1
1
1
1878
2276
1
304
1
1
1
1428
1
1
1
1787
1
1
2424
1
1738
3291
1
1
794
1
274
1
763
1
1
1
1504
4216
5324
4937
1
562
4296
1
269
1
1
1
1
1
2197
101
1
1
1032
1
1
4734
1168
3542
2679
863
1063
4004
538
1
1952
1
155
3820
5631
1
1344
1692
3951
1412
2607
1
1334
1
1
1
2632
1
5553
4301
1
453
333
1349
4213
1248
1323
3388
2539
1049
2258
1
5037
1
1
1514
1
1
665
172
1
1
1
5541
607
1996
3218
2466
22
868
1
2496
987
719
5741
1
1
1
1
1
2847
1
1
1
1
1
1
4207
1
1
1
313
1
1
1
5736
1
1
1
2826
3817
2049
1
1
688
199
1
1
1
4649
1089
1
1
1
3987
1
1
955
1348
1
112
2174
1
989
1
2464
899
1
348
1
1
1630
2223
1107
247
1
1
1
1
3718
334
1
1
1726
84
1
37
1
1
1
432
920
1
3193
1
2456
1
1
740
3172
1
1
719
6170
1
391
1
927
1
1
1151
1
1
1
1
2338
3226
1987
1
1
5425
1
4199
1
1
561
1
378
1
1
3243
1904
5493
1
2940
1
1
2647
1
1
3931
1
1
1
1
2017
1
1
1
1209
1
1
2607
1
993
1881
4347
1
1
1
2695
1
1762
2154
2954
1
1
939
1
1
2528
1
1345
1359
1
4844
1
1
1
1
3842
1
2720
1
1
3327
1
1
1
17
1
1
2361
1
1
1073
1
1
1030
1397
1
4469
563
1
1
1
2703
1690
1
1
291
1
1
3432
1
2311
1
5420
1
1
3335
1234
1
151
1505
110
1
1
1
1
1
1
979
1455
1
2562
1
2535
792
2251
1
1305
1
1
1
1
1
666
1
4139
1
1552
1
4064
1
4406
1
1
1547
1
1
1
1
1270
2450
77
4268
3505
1
1
1
1
1
1170
1
1
4289
1335
1155
1
1
2874
3184
1
72
1
1
3486
1
2629
1
981
796
1333
1058
420
1
2058
49
166
1
70
2415
5933
1921
3779
1
2980
6199
1
1
2579
2232
4012
1
2933
600
890
1
1
231
1
3842
1
2197
1
1
1
1
1
4186
4074
1
4478
1
1
1
1
1
1
1329
1
872
141
118
1
1
691
1
1
1
1
1594
1
1
1199
1
1
1
1714
1
1
3775
2697
1556
1
1
1
4920
1581
1
1
2977
5075
1
1
5437
1399
678
1
1347
1
1
1
797
449
769
6146
1
1
1
3570
1
1
1
4
1
3405
1
1766
413
1092
1
1
1
1957
922
1
3458
454
1
604
250
1
1
136
2812
1
1
1
1
1
1
2574
1902
1
1075
2873
1
1
1
1
1
782
1
1
1
54
1
1
1
1
1
1
1
1
1
1382
257
1
912
1
3820
1233
1
2793
1
1378
1372
1
1
2958
1675
1
1
1
2216
1
782
113
2940
550
1
1
1
1
1347
4788
656
1
1
1
2860
1
1
1402
1
4960
1720
1
1
1
1672
1
1
1
2345
1990
3367
795
3877
2581
1
1
5196
1
1
215
1681
3417
1616
4025
3367
1931
1
1
1422
3556
1
1
74
1710
1325
1
1
2502
1
4952
1
1
1503
6319
7
1
1
673
1894
1
273
1
1
1
301
834
1
1
1
18
1867
128
747
1507
1434
1
1815
1077
1
1
4879
1
4059
1675
1476
667
1724
1
1
1
1336
1
1
1
943
1
712
729
2198
1
2557
5675
1330
1
5105
1
1
1
1
761
1248
1
1
1
4628
1
269
1
1
1
2142
1
1
1
1
4987
1
1
1
788
1
492
3958
1
3777
1
2359
4367
758
388
1
2845
1
321
847
1
1
3107
1
1
1
3421
1
1
1
1
220
1
3101
1896
3173
1
1
1
1
633
2618
1
913
1
1
4613
4469
1
1
1
2158
1
1689
2439
1607
1
1
305
1
1
2874
1
1
2515
1185
2017
1
427
336
1
1
1
109
1
3034
126
594
3099
1
1
4254
1
1
1
2231
286
1
3436
2489
2426
2071
1
1
1
1
1
243
1
1
4013
12
1
4538
763
3545
1
1
1395
839
1
1
1
1
378
1
2319
1
1
1
3856
1
1
1
1
1228
1
1
1
1376
2497
36
1
3960
343
1
443
1
1
985
1
3031
1
828
1
1
539
1
660
1
1
4000
2272
83
1
1
1
1
744
1
119
2239
666
1
6024
382
1
1517
1
1
1
1
1
1
1
1
1
1
1
3684
1
1
1
2099
4560
1
169
142
1
1
1968
1
1
1444
1
2724
2648
1
1
1
592
1
4433
1
1
290
1
1
1
1
1
4847
2766
439
3210
1
504
1
1
2443
1
1
1
1
1
1
474
1907
1
466
1
3789
1
1
1
1
1
1
1
1584
1
1
1
2564
451
3711
1
3355
1876
2768
1821
85
1423
1
1
1176
1
1
1
1780
1
1
1
1
392
475
1
1
1
5396
1
1
1
1
1609
3767
1
776
1
1712
2239
3353
1
1
3235
1
1
1
2231
1
1
4887
1
1
1
1
815
1056
1
4692
1
1
4382
2914
1
990
500
1
2327
1
1
1
3334
1
1
1
1674
2749
1
1
1481
4467
1
2293
1
1
1
1
4826
1
1
1
234
1
1
4976
363
28
1
1
1
3409
3043
4249
1
3975
420
557
1
415
1133
1
1
1
1716
1689
1
1
1
2546
4617
1058
1
3535
1782
1
2090
220
312
1184
2449
2104
1
2571
1
1
1173
1
1
1
2753
1
1
1
891
1
948
1
1
1
2738
47
111
1029
745
232
3668
187
3292
1
1403
2107
1
1
1
1494
1270
1
2333
2908
1346
1241
1
3818
1
1
1
1
2520
3143
1
1
1
3251
3109
2285
1113
1
2128
1
4351
2565
1
1288
1730
2270
1
1
2928
1
4563
1
1
3686
1
1693
1848
1925
1
1554
1
1
1
1
2878
1
1
1
1
3453
1130
1
4143
1
1
1
1
4262
780
1788
1
5188
1
1069
3197
1
2519
2693
1057
1
1
1
899
1
820
1
2444
1
3864
1
1
815
1
1
5360
1571
994
1
1
4826
3387
1
1
130
2057
1793
1
1
1
2302
94
1
233
1
1
1
1
3427
1
1
1
2093
2572
1
1
1
1
1
1615
567
3674
1
1
2768
1
1347
2661
1417
2776
467
1068
1
1046
2283
2844
736
4420
1
3610
3057
392
1
1
2214
1
652
839
1
1
1
1
1
1
2092
1
1
1
1
1
1820
1
1
1
1
1
3469
1
1
2835
2868
1
1
6539
1
1
1269
3300
4633
3924
1
773
5957
1
1692
3023
2857
3154
3051
1
1
1
146
1
4681
3201
1
1827
1100
1
3121
3200
1
1
1
3471
4418
589
997
1
298
1223
1
1
1
1
4103
1
962
43
1
5406
1910
1
1
1
2445
3111
1
1891
1
836
1
1969
1
667
1
1623
71
3170
1515
759
1523
1831
1
1
1
1
5826
384
2431
1925
1427
1
423
1816
4226
2388
1
1
935
1
850
1556
1603
1
265
34
3514
1
1
4540
4491
458
1
1
1
1870
181
1
284
5314
3643
1
1
1
1777
1
694
1086
1
1701
563
1
485
1
1
1
3176
2883
1
1
1
1
1
1301
1
1
1
1
3282
1
1259
1
14
651
1
1
1
1
2024
1421
1
1
1
1
1
1313
1
3714
5646
1
1
1
1
1
582
2399
1
1
716
1
1935
3711
1
1
1
100
3293
1488
6010
1
378
334
1
2996
3925
1618
1
1
1
1
1
3445
3402
1
2029
1292
192
1
1
4010
1
2712
526
1
1136
1761
1
3310
1
2274
1
1
1
635
1858
789
5851
697
3082
3621
1
1
1
1
4731
2563
1
1
1
1
1746
1
1
803
1
672
1812
1821
863
1
1
1
1
546
1561
1
3506
1
4608
5060
1083
1
2337
759
1
1
3284
1798
1790
1
1
1
885
1
886
1666
1
2159
145
430
1
1439
1
1
1
2254
5602
1
1
1
1
2243
1
3657
1
1
1
1
134
2018
1
674
3328
1
560
5252
1429
3179
1
1607
190
1
1
341
1398
1
1
2402
1844
653
2616
1658
1
1
884
5210
1
1628
2018
341
1
801
3822
3280
1
671
1
726
1364
975
1
2076
1
1
259
881
1
1
2365
1
1159
2021
825
1
814
785
1
2540
4513
3136
1
1
1
518
1
1
167
5150
3900
1
1205
1
1
1
413
1
1795
1
1
1
3009
1
1849
1
1
1
1
195
1
1
1
2158
1
1
3929
1
822
1
1
1
1
5924
1
1
14
1
4908
944
3328
1
3029
6039
1
1
1
1
2513
2300
3129
912
3333
2354
5341
1
2223
1
4499
1
1
1
3894
67
629
1
1
1623
1
1
1
1
3344
1514
3984
258
1905
1164
1269
1689
4750
1
1
208
1
1
1
3472
1876
1874
1
3659
1130
192
4281
1
1
2469
1
1
2228
2410
1
2222
1
1
1373
1
3079
1
1139
1
5567
648
1
480
1
1
1
1
2742
1
1
1
1
4152
1
1
1884
1
356
591
1
1
3224
1
1
2166
634
3884
605
5928
1
1085
1644
1080
1021
2027
630
1
1
1
1
1
1
2479
1
3185
1
2901
2402
3152
1
356
1
45
3054
981
1
1
1
20
6071
1
1
1
5739
1
2529
1
1
2349
182
1
3807
1
1187
1
572
4711
1
1
1752
1
2314
1
1
1
1
2712
1904
1979
1
4221
2951
2305
2606
1
4022
916
307
1
1
1
364
1
1
5307
1
1
1
2729
1
1
1998
5934
1
2268
1
827
1
1
1
1176
5082
1
4991
760
1
1947
2942
1
1300
1648
1871
1418
1
1
1
737
4191
1
1234
726
1
2693
533
1
1197
1
3783
1
1
3939
1
1
1
1143
5626
2660
2461
3815
1
1
1
3367
1
1
1
221
3441
937
1
1
4082
1
1
1
723
981
506
1417
1
1
3371
4658
1
1
1
1
1425
1
251
1756
1
1
1369
1
1
1002
492
5124
1
1980
2042
1
1
1
1
2077
1
1
1
1
1548
3357
2670
1
5296
2234
4830
1
1
421
730
1
1427
258
175
1
1
1470
2141
1122
1
4547
5058
967
1
1
1883
192
1
1
1
3052
1
1
985
924
1151
2345
3289
1
551
1
1274
1
1
4488
608
1172
1133
4222
24
1
1869
741
3769
3051
1
1
111
1
2752
1
1070
2562
1
1
1
1
1
123
1773
3099
1918
2516
122
2913
1
1
601
1454
3352
1
1545
598
1
1
1
1
55
587
1
1
2417
1
1609
991
5803
3481
2327
1
1
3752
3126
1
4006
2143
1295
912
674
1
1
1
381
2728
4571
1
1
1
3019
1
1
1
1
1
1565
1
1451
3656
3677
1
1
263
1591
1526
1
3756
1
1
1
1849
2638
1
1
2185
1454
1
1
1
1
639
1
1
4907
1
1632
4529
1
1035
1211
1
5392
5004
1
992
935
3606
1
1
704
4468
2377
321
1
1
2195
5295
1
147
3265
1
1
1
1198
1
127
101
14
3359
1
1
47
1
1165
2305
1
1209
1
5015
1733
1
1405
1
1477
538
1
2851
1339
1
1
1155
1
1624
1
2979
1
953
1578
1
4251
1
1
1776
1113
370
1
1
2031
1
2085
1326
1
1
1
2162
1
1
1
863
1
1
1
367
1
1
1
4167
1
1
1
1
1
1935
1
1
1202
4897
1335
1
2972
3424
1
1
367
1
1
1346
1
740
2150
1211
117
3418
1
3464
2914
3837
1
1
661
1
3742
1
2244
1
1
1
1
1807
1
1
1
191
4681
2424
4110
1385
1
1
1
1
4413
1
1289
1
1
865
1
1
1
1
1
715
1369
1562
1266
1
1
2813
1
1
116
1
1
2267
2105
1
568
1
2450
344
1400
2125
1
1
1
1
1
1
1243
823
1276
2483
1
1
1
1
1
79
2806
3413
1
4091
1
1225
3119
1
1872
2920
42
1
1
1
1
1
1
5004
1
1
1
1
1
1
1
1
6096
1
3835
1234
941
1
4818
1
3332
1
1
1367
2709
1
1
521
753
1
1
3225
583
739
2196
1400
51
659
2096
1
894
800
850
2552
1
1772
3767
3540
139
534
2170
2229
4299
1
1
1
1
4931
1
1
1
787
1730
1
2034
1421
5860
1
1
3358
514
3814
1
2862
1
997
1
1657
2246
325
1
1
1
1
1
1
261
2131
1
1
734
479
1
251
2629
1
1
509
3620
880
1
1
3666
1
1
1076
609
3634
1446
3663
1
1
1
1
1
1
3935
5560
1
5212
1
2789
660
2257
1
4
1
3405
4436
1
1
1
1
3126
1
1
1
1002
1
1
429
1
1371
1
1
2654
1108
1
255
572
1
1
1
3462
1
1
1384
5344
1689
1
938
4314
1
818
3382
1
741
182
1423
1
2131
1
1
931
3006
1
1
1
4039
1
1
4533
246
1
4773
1
1
4610
3077
5842
3884
1366
1998
1
1854
1069
3725
1
1
1888
3710
1
1
1
5525
1406
1
3283
903
1
3347
1681
802
1083
2598
1
1
3082
1
2503
1
5437
337
1629
2759
1
1
1
1
2916
1
1
4140
1
1
3879
1
596
1
1
1
1
3601
1
1
1
1797
350
1955
2044
3005
1101
3822
1
2846
1
1
1
1
1
1493
1
1119
3699
515
3304
457
1
1
2595
1
1
1024
1
1
4055
1
467
1
1
1
4612
911
1208
4622
2395
1
907
1197
1
1
4055
3278
1
1
396
1
1
1
700
714
1422
1
1
1450
1
4142
948
897
1
2491
3014
1
1
1283
1
2470
5732
4120
1630
2517
1
5018
1
1
1
1
1
1
1643
5653
1125
1
1025
1
411
1
4748
2265
1
2090
2879
1
1
945
1
2310
1
1
1
430
1
1
1
4836
1
3165
5606
1
1
1
1
1
691
1
1
1
1
1
1
633
1898
1
4285
1
1
1
1
1
1
1
1
3991
192
2318
1
1
1
3382
1192
1179
3418
1
3843
2090
4167
4387
1
2703
1
5252
1389
1
98
644
1135
1
1
992
5533
1444
1
5065
1
1
3141
1
1
1
1115
3400
3645
1070
1
4320
1
1
1992
5179
1
1853
1
1
4094
1
1069
1
1
1
1
1
242
1
1
1
1142
2589
1
851
1
1
1
3678
1
1
1759
630
1
1269
1
5562
3323
1
1228
3705
1
1
1382
4977
364
5241
1
1
2442
1949
1
1733
1
3909
1486
1
1
5120
2746
1
5146
1507
4340
1
2639
1
2798
1
2754
1
1
1
5145
1758
1
1
2887
3203
1
1
1
3451
1
1
1
1014
1
1
2325
3880
1
678
1
1
1
2309
3075
3330
4039
3620
1
3492
1201
1
359
1
2132
1
2818
1
3293
1
1
3676
3641
232
5861
375
1
4701
2498
1
4131
173
530
1
1
1
499
1
1823
79
2376
1
1
1
1
1
1
1
1554
1516
1
1
1
3884
2105
1
1
1
1
3215
3626
4666
4459
1
534
268
1
1
3415
1
1369
1
1560
1
1
1
3536
770
1
1399
1
1
1674
4145
1824
1
3439
1837
1
3726
3631
1
1
1
1
4614
1690
1
1
1985
1
3182
1
1
4305
715
3680
1
1
1
1
447
1
2268
2332
1
1698
1
3574
1
561
416
5656
1866
971
4966
1012
1
1
4810
1
1
1
3500
3385
266
2117
1
3765
345
1
17
1
1
1
1
2986
2392
1
1
1
1
1
467
1583
2923
1
1
1
1658
1
1
1
1
5566
2334
2065
3046
4604
1
3340
1
4005
4061
3235
1
4195
4079
3511
3034
1
815
1
518
1
68
1
2755
1
2883
879
1
1
4028
1
818
1
1
1
1
1
1
1
1
1
1215
941
1
2532
3263
3957
2026
1
3376
4296
1
1
1638
5062
1
2176
1667
2687
2402
4955
1
1
1
1
1934
1
1
2685
2823
122
1
1
1
1
740
1
2595
1897
1
1
3245
2577
610
1
1
1
1
1
1639
660
1
1
1
2131
1
411
1
1
2889
1130
389
1512
1
1
526
1
1
6153
2745
1
5265
4019
3528
426
3788
1
4702
1
1
1
1
1
3028
1
1
5748
1
1
1
2171
510
99
1
1
1
3288
3738
5063
1
1
3373
347
1
413
150
1
1
1
1
1
2169
2142
1
2774
1
3315
2044
2727
1
1
1
1
1330
3171
1
1
538
1
1631
1
3069
572
3843
4040
951
102
1
1
2628
262
800
229
3640
1
1
1185
174
542
1
4661
1
546
1
3275
291
1888
1758
3731
1
1
1929
1
4823
2195
1742
2339
1
481
382
4494
3552
1
4376
1
2859
1
1
723
1
1
3498
1
59
1
1
1
874
1
3740
1
1
153
1
1
1
3756
175
3295
1
28
505
2467
1
894
373
2905
1313
604
5831
5082
1
1
1
1
1
1
2540
1580
6183
1
1
1
4281
1
1
1
1
2204
1
3073
87
2996
1322
2012
5130
2312
1
1
1
1
1320
4294
1571
1
1
1
1
1
1
517
322
1
1
1
1
1005
1
1028
1
1474
1
1
1077
1
4531
197
1
1
2063
1
1
2812
4271
454
1338
3914
1
725
1598
1
1
237
1
1
3673
1496
1
1
2235
1
1115
1
1
1
1
1
4747
1
674
1
369
1844
1422
1
1736
1
1
1
2511
2695
2098
1
1
1
4224
2074
1
1808
1
1
1599
64
1
2465
1
1006
1
3271
1
1
1
1
352
4976
1165
3056
4026
2
1
1
1
1084
1296
2121
1
5055
1
1
1
4436
1
1440
1
1
1
1
1353
1944
845
1
1436
1
1
1419
1
386
1039
4758
1
1973
908
1
6259
2902
1
693
1
3302
1
1975
1366
1024
1
1
1
37
2974
1
3914
1
1
1
1
1236
1
1
1
13
2916
1
216
5761
680
1
691
1
1583
1
4944
2204
1218
1
1
2361
1
1629
1
1
1
3502
281
1
1
1897
1
1
1
4672
1
1
1
256
1
4392
1
1
1720
6017
1338
460
1
1
32
6002
2133
1
1
4105
1
1
1
167
1
24
2141
2720
1
1
587
1733
1
1
3974
5879
4634
1
1
1
1
1
1
1
2159
1
1
1
1212
1
1
4
1
2003
1
1
1
5598
1
350
3061
4597
1118
4195
4217
3364
3335
1
65
1
3437
1
1
1
1
109
2353
222
1
1
1
1
1
1
894
1
999
1
1
583
1
2084
1
1290
1
1149
1
810
1262
2372
590
1
1479
2903
1981
1
1
3051
1595
1
1
1926
1
1
1
1
1
1
1
4207
1
3733
1
1661
626
1
1943
4371
1
3880
3773
1
1397
1
1
1
2050
1490
1
536
1
666
800
1
1114
1
1
1431
1
789
1
1
1
3600
1
1
1
3136
2560
1
1
1605
1
1
1
1081
3645
765
5197
1
1
1
1
1364
1417
1
2663
1
5499
1
606
1
2490
1
1710
1
202
1
1
189
1
1
1
5224
1
1
1
401
2079
3099
360
4617
1
1
1
1
2964
4270
1489
1242
1
202
1
2815
1
1700
1
1
676
2281
955
1
1
1871
2953
1457
211
1
1
1
1
1
1
1158
314
1
1
1489
933
1
3822
2172
1
1
1
1
1139
1
1203
312
1
3485
1
1
442
199
1
5466
1
1
1154
1639
1
800
1
1
1
1
1227
2667
3903
5487
3699
1
1
1267
1
754
556
1
1
1
629
1089
1
1
2071
1404
1862
522
1859
4984
1
1314
1421
2758
1
2213
1
4591
1973
1789
5496
802
1
1
1
1771
1
1
1
1
663
2193
1868
1
1
2229
4429
1
1
2563
2431
1
1
1
944
1
1926
2837
749
1723
1
1
1
2204
3432
1
1
3906
1
2526
2408
3543
1506
1
3872
892
604
2939
1
1
5788
1
492
2035
4076
71
2829
4738
2625
1
1
3580
3105
4033
596
1
361
1
1
1
2868
1
2828
1
1
1
1
430
958
1
1
3179
1
2542
1
1
5743
1
1
4003
1
5002
1
1
779
5141
2348
3687
1
1
1
1
1
1
1
1670
918
662
1
1
1
1
1237
4172
1
1656
382
1
1
227
2789
1
1
4186
1446
3648
1066
927
2986
1542
1
1
4118
1190
2427
1
1
1613
1
1
2110
1
1
1
1
3998
1
1
1
3349
1139
1
2601
3976
128
1
4528
1
744
1
1
1
1
1
2388
1925
1
4088
365
3053
1
1297
1
1
1
69
1
1
1
1006
2852
1
1
1
5599
2584
1
1
4561
1
1
1
1
1
1741
2120
1748
769
1
1692
1
1
1370
3581
2061
2314
1
1
1
1
1
2635
1
1
5526
1229
1
94
1
1
1
1853
1
1
1209
762
2692
1
1944
686
2083
268
1
1
3217
2599
1
1
1931
1
1272
468
384
4448
1
1
1
851
1
1
87
1
1
721
1873
4924
4
3739
1
1
3174
287
1
729
1
1
1
2056
1
1
1
1461
1672
3461
1
2509
4262
1
2981
1
1747
2109
2414
3977
1
495
1
1
2456
1
1
1
1
1
1
428
5441
1
2844
1
1
1
1
1
4103
2468
1905
3558
1
1
5521
1
1
978
1
1
817
3658
1877
1182
1
1
508
1
1
1
2420
1
1
1493
1
1
108
1
1
3716
506
1
3258
905
1
1
3802
1
1
920
1
715
726
1
1
3081
1
4627
1875
4616
500
3574
186
1
1
4984
389
1937
1
1
2599
1
1
5286
1
1967
2977
468
1
1
848
5038
2611
468
3938
4446
1
1
1
1386
4548
1
1
1
1
1441
2075
769
1
1
1500
61
1
1
3769
2462
1
40
230
5047
2725
3854
1
560
1
5045
4648
1
1
1449
3446
1
738
1
212
1
1571
1
1
2361
1
2122
856
5439
869
1985
1711
736
1
1
3519
1
1
1406
1
1
1
2445
1
1
1
1
1
1
730
2820
5772
1
1
191
1
1
1065
1
1
2125
1
2639
1275
2939
4077
1
1
4112
2615
5007
278
1
1
1347
1
3820
1
1
1
5420
3032
1
1
1
982
1
185
1
4335
2744
439
1
3
1
1
166
174
1
3598
675
4258
2143
1
427
1108
1
1
1
1
1
1
1
1385
615
371
1
1
1673
1
285
3312
228
1
1
1
4674
1
1
434
1
1
1052
2670
1823
1
3187
1
1
1
1
1
1
4236
1962
663
1537
1
1
1
1
13
1
1
5334
1
1
1
2759
1
3999
1
3805
3436
2231
1
1434
4408
1
828
3060
1
2948
2134
1670
1
1
1
1
1
1210
1
1881
4116
260
1
1
1
1
1391
1255
14
4899
1608
2568
1
799
1
134
1077
229
1756
3390
1
1006
1887
1
1
1
1
4934
603
109
2989
6264
1
1
1
2332
1
1
3140
1
873
1
1
1
1
639
176
1
1
3996
340
3155
1
2962
1
1
5115
1
1
2572
1
1324
200
1
4199
5308
5905
1
1437
201
4164
1
2554
1
1
1
5456
1
1
1
1
1
1
1
4324
1
1
1
1075
4967
453
1
3498
4327
3183
1
1080
509
1
4585
1
4943
4363
1
1
1
1
1
3137
1294
1
924
3443
958
273
1
1
524
1
5525
1
1
1
1501
5496
1722
1
3011
2054
1
2014
680
1
3237
1
1
1
2242
4664
331
1
1
1
1205
96
1
2928
2470
1
4047
2810
2211
1
1
2526
1
1279
3296
2584
8
629
1
5138
1
440
4684
3307
224
1
1
1
2788
1
1607
1
1
1
1
1
1
1
1
1
1
1
3502
1
545
1
2950
1
1
1
2041
1
1
1
2483
2241
1
1495
2336
3253
2991
1
2464
1
1
3441
3298
968
1
4276
1739
2205
1
1
1
4774
1
645
1
1
3749
4828
1
1
2182
1
1
876
1
5275
3949
1216
1
1772
5077
1
3068
1
1
1
3400
1
952
1
1
1024
2018
1
2831
1
1618
1
1
5293
1
3599
3768
1
383
1
1
1
2855
114
1
1
222
1
330
887
3807
1
1
1037
1419
1
4545
2476
568
1
1
1
1
1
150
1124
1
1
1
111
776
934
2220
1470
1123
1
1
1
1
1522
2281
4862
1
1
2121
1
1
5780
1
1
2129
2102
2142
1
1
1595
2514
2664
2532
1
1
1
3702
1
141
44
819
1967
3485
1
1
1
6441
1
1
1288
1
1
1
1
4968
1970
3843
1
1161
1
863
1
1661
1
4807
24
1
3228
1
859
1
1
1
3845
1823
1
1
3407
1
177
1
1
1073
3953
51
2850
1
133
1
524
1
1
4001
2339
1
1090
121
1820
387
347
1975
1
2719
4573
1
1669
1619
2735
1
1
2282
3530
3423
2091
1
4786
3835
1
2616
1
1
1
1
1
787
1
1
2630
5852
1
1
2795
2595
1131
1
1
1
4848
2534
6183
2426
436
1
346
1
2011
1
1
893
1
1
1
1
1
1
1
1
760
694
1
2753
2128
758
514
1
1
5322
838
1381
995
2503
1
1
1
1
1388
1
578
573
1
1
2274
1235
1919
4894
1
1
1495
1909
2888
1
1
1385
1
1065
1
1
1
226
2137
110
4656
1802
1514
1155
1
635
1
1
2709
2361
2228
1415
1
2198
2310
1
1
1178
9
1539
1
1
2188
2357
3489
1931
1
2622
1
112
1686
307
5751
3106
1989
1
1
1
1
1756
1
930
1
2265
421
4792
1
1
1
1
653
1
5913
130
1
452
1
1
1749
454
435
1048
1
2460
3057
1
4174
735
1723
1
3206
5595
2950
1186
481
1
1
2853
4300
1
1509
5097
1292
1
1
1
1
1
1790
1029
1
5335
1
1
1
1
1
2872
1111
1960
4037
1
5732
1
1
3614
3297
3971
1
903
3462
2099
1
1
1
286
1
5482
748
1
1
1
150
622
1
1
1
1037
1
4530
415
1
2930
1
1
1
1
1
4980
2644
1
1
1338
1
900
991
1
1376
1
3765
1
3980
1
1208
1
1
1
388
972
3551
1318
1
1
1
236
1
2388
1
767
2654
478
1
1
554
1089
3307
1
1
1
1
1
434
1
1
1
1
3375
982
1
5583
2184
2201
1
1
1
1018
1
1
2304
457
1121
1
6231
1
1
1
1
5425
1
1
749
1
1
3343
1
5713
1
1
1
1
1
1
980
191
1
903
1
1
1
3908
1
1
1
1
2207
1
425
1
1
2346
1
1299
1
1
445
845
3523
1
1
1
1
2186
838
2275
2
1246
1
1060
1
3981
737
1
440
1
1
2162
1
1
3980
45
2071
5227
3993
1048
47
1
1
1
649
1412
1
1294
2324
1090
2661
1
1514
1
1
2159
138
33
1
1
624
1
1
1
3705
1
1
404
1
1
907
1
1
2701
1917
1
488
680
1507
1890
1
1470
1
1493
1
1355
1
1474
1
767
6061
1
5886
3635
477
1
1
3688
1
1736
1
1
1
1
1
1
1456
1
5246
1
1
3867
3001
1
1
1
1
1
2862
1
1
1
1
1
1
2497
62
1
1660
3081
1
1825
271
4202
1
1
1
1955
1
1
3593
1
3916
1
3683
1279
1
1
1
1
1
4043
4574
522
1
1234
343
1
1
807
1
3240
1
1
1
1
1230
2788
1
1
1296
1
464
1
1
1
1
4504
2723
302
1
1
1
695
4508
1
1
1465
986
3913
1166
1
2606
1
2766
1
733
1
1
1
1
1
1
2236
2926
1331
1
1
338
1
1
3383
1757
6306
1
2998
1
2828
1
164
1
1
165
1127
1308
1
3213
1
5246
4592
1
1100
1
2092
1760
5672
1
1
2953
1
1
1
1
3067
1
752
5949
1783
1
1578
1
1
4656
1
1
1
3243
1
4466
4908
1
2140
1
1328
1
1
1
1
1
1
101
1
1
2577
1060
1
1
1
3235
1
1
2300
1
191
1
1
1
1
1
1
964
1601
6255
424
1
1403
1408
1
1
258
1
1
1
1
2060
5763
361
1
1
1
4758
1
1745
3545
483
4187
159
2568
1613
3268
4036
1009
720
3338
2892
2413
3445
7
522
1
1
1
5336
1
1
4172
3905
1
1
1
1
1216
1
1
4025
1322
1
1
337
1593
1440
1
3036
3667
1
887
81
1
1
1000
846
2307
1
3162
1
3956
1
484
1
979
1
3513
3492
1
2444
3468
4677
1
2565
4379
841
1
1
1
1
1
1
5585
1
2240
1
1
1
1793
1
1617
2654
2695
1
4888
1
2115
4488
1
1
1
1581
4364
1
1
1
1
1
400
37
1
1
918
3222
1
2976
5942
1
3361
1
1
1
462
4322
1
1
208
2015
2053
5317
3070
3764
3602
3040
1313
1650
1414
1
1
1
1
1
1
1
2169
1
1
1
1886
1
1
1
1164
461
4060
1047
1
5115
1369
1536
1
1
3866
1
1
1
3729
1
5545
1
1
1
1
29
1
1
1
2674
1
1
1
1
1
1185
1
1
3739
4140
2137
3459
1
1
1
1
1
1
1
5202
1
1
3412
2165
1055
1
5940
1
1
4939
1
3308
2824
1
1
699
1
1
2231
1317
1
1
1
1
3097
1851
1
2656
2142
1
1
3397
3694
1
1
3070
1
1
1
1
447
2619
2286
1057
4302
2238
1695
1
537
1
1
3526
1
1
5265
1
1666
1
2453
1
1
1
1
1
1
1
1
2284
1
186
1
3684
1
2114
5839
1987
4670
1
3364
2707
1
1
1
3346
1
1
2822
1218
5118
1
1
3269
1
4362
1
1
6261
1
1
1
791
2712
1
1
4684
1
2811
1
1
2279
4980
1
1
1123
5419
1
591
1
1
5171
5318
1
5397
1
1
1
1
1
541
126
3095
1357
1
3986
1
1
1
1
1
303
1
1
1676
368
1
1
2945
3508
3285
1149
3430
1
1
1
1
563
1
1
1
1
2885
1
3757
3955
4187
1
1967
1
911
596
1
2797
191
5379
1
1
392
1
4599
1
1
726
1689
1
818
1751
1094
2645
1
1
1
1
4764
3737
1
950
1
995
1
1
1
1
1
1093
1
219
1
1838
349
4038
1
2189
1
1
2747
1
3530
323
4566
1024
1
1
3566
1
2071
1
1
1
1
1
3204
1
126
1
1
142
1
1
1
2800
1
945
1
1
1
789
2555
1971
1
1
2449
1
1
224
1
2352
1
662
5654
955
1
1
359
731
1935
1
1
1
67
1
3207
1
815
1
728
815
1
1948
1
1
1
1
84
1004
175
1206
1
5546
2694
1
1
5256
1
1
2413
1
1
1
4693
1
58
4058
2240
314
1
1
770
1
2338
2947
5690
1
545
1756
2314
1
1
1
1
1
1
2924
1
2191
1
1517
545
1
1
1
1
1950
1
3955
1068
1
8
4344
1
3087
1
3673
1057
1
1
1017
3991
1
539
1
1
1153
4607
1
1
1328
1
1
2240
1836
1
1
1
1
1
620
1673
673
3719
1
4535
867
1
1
2739
1
1
354
1
1
1
1
478
1
5144
125
1
3271
1
1
4093
2397
2684
1
1425
1
1
1
1
1
806
3115
1
1
1413
766
1
1
1
46
1
1
1
1203
1
1107
1
1
412
3046
1
1
3431
1
3578
3103
1
1
1
1
1
1
1974
1
1
1
4830
1088
396
1
2092
902
2251
1676
1
1
1187
1
1
1
3329
1
1
3209
4421
3605
4301
1
1800
2750
1
978
568
4925
1
1
1194
2626
1
4943
1
1
1
1
1
877
2217
634
4290
2964
1
1
1829
1506
637
807
1
4089
96
1761
881
1
1
1
1
1
1682
6072
1
2280
1
1
2842
1
3647
1
462
1
1886
1012
583
70
1030
1
1
1278
1
1232
1
4765
3179
310
3506
1
3181
765
1
4316
1
3431
4713
443
4752
1
1
1133
2540
5124
1
1
1686
1836
1
3396
1
1
1
79
1896
453
1
1634
1
1
1
1
802
3262
3042
1249
3237
1
3847
2068
3786
1
1
1
1
1
2714
88
1
591
3230
1
1
1
1
3479
1
1
1
2063
1088
1524
4838
3887
1
1
1
1
159
2074
1
565
3
1
2210
1023
1
29
399
2594
6114
903
1
1844
2385
5407
1
1
3626
1
2959
4463
3644
2120
1
1
1159
1
2913
3963
1
1
1
4033
1
1
778
155
1721
1
1
1
1
3406
1
1
1
853
5767
1
1960
1536
596
6054
1
223
3132
5
322
1
1
58
1
4808
1160
1
1
4407
5641
1
1
1
626
1
1
1
1
2176
5357
1
4235
1
1
2250
1
1
1
1
1
1
1
3714
1
3710
255
3349
682
1
1
1
1711
1675
1
1
3080
612
1
1
4120
3356
1
5538
1
1
3590
1
1195
1
3556
2372
1
4552
1
2208
1
1
1
3519
1
995
1093
2518
1
1
1
1
1
3530
1
1
1383
486
1
1344
426
1721
602
2264
1
972
2343
1
681
1
5118
1
171
1
1
2770
1
1
554
4153
1
1
404
1
1
1
408
1974
572
1
1440
1
1
1486
1
2127
4192
1723
1
1
721
1268
1
1016
861
3153
1
3556
54
113
1
764
1
1230
1
4331
3131
1
1
797
4558
1
1367
1657
245
1
2491
1313
1
1
2070
1
1
570
1
3615
308
3125
1
76
1
1
1
2033
1
2447
1
1
1
1154
1
4134
1
1916
1
1
27
403
1
1595
1
2354
45
1
1
1
2239
1
2193
1
643
1
952
1
1
1
1
1
1719
3484
1419
4266
2438
1
1
5625
1
1
2728
484
1
1
1
1
1
1
1
1
3062
1
29
1
1
1206
1
1
175
3594
327
1
1
88
1
256
4440
1733
3011
1
790
1
1
1
978
1
3650
1
1
738
1
1
1
715
1
2548
1
994
1
168
1
439
769
1
1575
1279
4619
1
1
1
2576
209
1605
198
532
1
1
2867
1524
1047
1
597
1
1
4555
3401
1
1
2857
2217
1
1
6395
1
1
193
1
2666
1
1637
899
3955
1
1
1481
1949
4672
688
1
2546
5627
3213
5874
1
3087
1
1
1373
1035
1
1
1
1
1
1350
960
2517
1
1
1
2181
1
1
88
1
1
3975
1
1
491
4638
26
969
603
1
1
1
1
1
1
2423
1
2234
1521
1
1
1
1
1690
2491
1968
2832
1
1
4351
2407
1518
1
3916
1
1361
1
1015
1548
1
3213
1616
1634
4929
1
3430
1
1685
1
1
1
1
999
1
1
1
454
1
1
599
1101
1
3415
962
1
1
1289
763
4410
1
1894
1
4612
2626
1
1051
2441
1
582
1
1728
5900
3774
1172
1
1
412
1378
1
1942
1882
1
1
5474
1743
652
1
4553
1687
1
1080
1
1
1737
1
707
1
2354
1
1
2459
3583
1
1
1
1
1
1
2489
3834
1
1
1
4423
1
1
1
1
399
2775
504
1
1
1
1
1
2884
1540
4539
1
1
984
1
1
1
1
3884
1322
1
1
1
1
2787
1
1
1
2146
3584
1
4860
1
3586
2218
5741
1
1
1
1
443
1269
1
1252
2782
1496
1
2549
1
1
599
1
1
4314
10
1
1
1861
2639
1
1
1
1069
1
1
1
1
919
4802
1372
50
1
128
2832
633
1
1
2718
1
1
274
1
1
1
2993
5027
1210
1097
1
4323
1610
383
1479
1560
1
1
764
1
1
1
1
2005
1
3532
4663
1877
1
1
1
