88
54 2
2 1
1 55
55 95
95 54
73 4
4 3
3 51
51 59
59 73
62 44
44 42
42 6
6 70
70 91
91 97
97 5
5 78
52 8
8 96
96 61
61 7
60 98
98 10
10 9
9 65
65 99
99 60
12 11
11 89
89 12
13 49
49 14
14 13
58 75
75 69
69 15
15 43
43 46
46 41
41 16
16 58
17 88
88 18
19 20
20 86
93 77
77 21
21 92
92 74
74 22
22 79
79 93
100 48
48 80
80 24
24 23
26 25
25 68
68 83
83 85
85 67
28 81
81 27
76 29
29 90
90 30
30 45
45 56
56 50
32 63
63 31
34 84
84 33
33 57
57 87
94 53
53 35
35 36
36 64
64 66
82 37
37 72
72 38
71 47
47 39
39 40
40 71
