1531
1083
1804
2011
1978
1853
2031
1788
1414
1669
1580
1716
798
1415
1906
971
1261
893
207
1697
658
1221
1628
1702
1419
572
1144
1734
1521
1990
687
723
624
1028
1578
1603
1143
811
1118
1631
841
528
1474
1792
728
1267
1596
947
1691
1481
1881
591
1547
1407
1514
1670
1152
1210
596
727
1852
1476
1227
1988
1738
1069
1332
1610
1576
695
798
1386
1234
1073
991
1322
1520
1240
1801
1723
562
320
443
1158
1354
939
1423
744
1186
1987
935
1517
948
1770
1376
991
500
1666
1378
1868
643
1947
708
1829
546
598
1175
1841
766
1861
1129
1889
1680
648
1513
1833
1073
993
918
1479
1926
1771
1268
1380
1744
1530
1203
1204
1908
831
1070
1698
1601
273
1951
1072
1665
1611
1995
1853
1531
894
1417
1841
987
1302
1014
1770
1104
1211
1104
1579
1325
1524
732
1221
1765
303
806
1114
1278
1948
142
1572
1297
1944
2019
1251
1721
991
1419
1744
1170
1036
1987
1234
1643
1663
861
1244
1235
1811
1987
1569
1319
787
1253
727
779
1623
1399
1197
1994
1346
2013
645
577
1529
1825
588
1418
1486
1110
1648
1722
353
1646
994
782
1298
1819
1983
526
1377
1456
1359
1278
1881
1215
941
1076
1673
1180
1967
1226
1329
2001
1286
1235
703
805
1632
1708
1711
1771
844
1834
990
1153
1959
1086
1632
1948
1876
1483
1933
1758
1379
1680
449
1224
961
1199
1240
1643
2016
877
1392
955
1028
749
1661
1519
1249
1950
956
1431
1196
1500
398
910
1334
1460
1674
1131
1266
1241
1730
1817
1189
882
1644
1250
1175
1940
850
390
1770
1853
366
1836
1840
1164
1148
1427
1298
1411
1650
878
438
1690
865
464
2006
1918
736
1209
2017
1272
487
1568
913
913
1309
1214
1636
1747
1793
1547
1626
932
98
2016
1551
1512
903
1288
1301
1256
1540
1727
1954
1363
800
1648
1758
406
1130
1159
1544
1473
451
1950
1743
1695
1185
1318
1816
1094
690
1320
1850
1948
1751
1567
1342
1005
1863
1441
1027
1956
668
1276
1849
954
1231
1226
1603
1607
790
1570
1046
937
1939
1090
834
895
1943
1892
984
1619
1737
1465
1880
429
383
920
1421
1654
1870
698
647
1946
1709
768
1279
1211
1827
631
1578
1272
1645
317
930
1213
1775
916
1541
827
376
1159
1723
1253
718
1852
976
1441
1086
1926
869
642
1735
1236
1877
1979
1199
1452
1551
1640
1023
63
622
1083
1778
527
1813
351
1315
1160
1834
1912
1015
1856
1351
1852
1585
1598
1763
1640
1053
1975
1326
1275
835
1345
862
1487
852
308
1896
1369
510
1321
1873
1251
1522
1795
1756
1769
1979
181
1263
1501
1977
1658
1421
1972
604
1434
906
1125
834
1498
1764
297
1807
627
956
1667
643
941
1011
1934
1096
1692
1830
1449
1325
890
1497
1968
630
1820
1380
1758
718
838
1576
1149
1863
1660
1892
1234
1657
446
697
1653
1736
703
1036
944
1546
1445
972
1144
703
1887
686
1864
1870
1693
1206
542
336
607
1437
1739
311
1692
1590
1443
2015
385
823
1481
1682
1137
2029
1287
1387
1237
314
1389
1497
1071
1871
1110
1328
2026
987
1301
1781
972
882
784
785
317
1710
1321
1252
1790
1383
1906
1455
1806
1126
1645
308
1352
969
1583
1316
1673
1504
1662
1730
1029
1255
727
1390
914
1066
1270
1582
1280
1803
2004
1501
1771
1446
989
1852
497
1071
1693
1966
1195
1154
1931
1133
1435
1616
1303
1717
1737
1733
1597
1093
1979
1612
900
866
697
1509
1444
1665
547
1744
1945
1719
1290
499
1348
1472
1181
971
1911
1532
601
128
1138
1897
1565
949
532
1413
1881
478
1873
971
1700
958
1774
1949
1169
1650
1068
1406
263
1342
992
1496
1761
1279
1508
1225
1745
1189
1142
801
916
1551
1482
1149
880
1262
1769
1434
900
734
1774
1876
2027
1123
1966
1744
1697
1832
751
1550
1098
1209
1785
1870
1695
1901
1997
625
520
1871
1988
75
1144
750
1952
671
1629
1715
833
2005
1273
1190
824
883
1696
559
732
637
1163
1524
758
874
682
1719
1228
1677
923
1180
1353
1688
1690
1740
1173
1886
1983
2027
1192
1038
693
1070
1006
1189
1394
487
1672
1270
1536
1629
1107
1527
1924
1726
322
1953
369
632
837
2026
989
474
1935
1091
1041
1736
1955
413
1475
1892
810
235
1981
1723
1377
1917
1396
1037
974
1289
1324
1724
1610
537
1195
924
1937
1107
1273
605
1389
1369
968
1848
1324
1211
1966
1226
915
1180
1760
622
653
998
783
607
1644
1114
1691
1703
1237
1581
1730
1400
807
1063
1715
1650
691
1129
1673
1064
998
1441
344
1256
1042
1998
389
791
694
1559
1377
759
1290
761
874
1846
1582
990
1471
383
1111
1521
1101
1301
1103
1257
1633
629
924
1589
1037
1725
1821
1184
345
1415
444
1646
210
1308
646
1977
1143
1768
1536
1057
1416
1801
1039
837
768
1919
920
1676
1215
1580
819
760
936
1285
1210
1146
1899
1858
1611
1624
919
1688
1482
736
1230
1659
920
799
1293
1165
1264
744
558
1668
1792
1480
648
1321
987
1204
1407
1939
1867
1403
256
1645
1765
1593
386
1747
1589
200
1325
1452
888
1185
1788
856
1819
894
1057
1629
1508
1185
1712
1779
1393
496
1130
769
385
1668
1672
2015
1642
1168
1310
964
1212
1741
1967
1457
1613
1958
956
855
1341
1449
877
1044
1734
1214
1861
835
1619
740
689
831
1601
979
292
1642
743
967
1563
1994
1939
995
1386
1967
1358
1779
1081
1049
1784
168
1337
1504
1278
1806
1672
1112
448
1768
1615
1977
1095
279
1020
1608
1947
1344
1548
962
1144
414
1931
715
1562
964
1209
833
2025
944
463
1980
1803
1618
1034
1867
1849
459
533
1914
505
1293
1420
1677
1767
1936
1516
1037
1537
1205
1740
1263
1339
695
760
370
1594
1731
1900
1890
941
1835
989
1637
1290
531
1349
1915
1687
1650
1684
378
1565
1004
1883
1996
1930
1842
1910
1545
1836
1215
539
1760
1972
1067
1194
1136
654
1907
1817
204
1524
1678
1872
1366
1363
546
935
945
1899
898
1831
864
1102
1997
1391
1774
1501
1920
657
992
825
795
769
285
1863
1359
322
1206
1641
879
1553
980
1422
969
1171
2004
1648
1705
1871
1524
450
1587
970
1664
1556
1923
850
1396
835
1682
1987
491
1209
1147
1262
968
1799
776
1494
1827
1727
1351
694
1840
1962
1722
1391
1585
788
984
1567
457
1958
1366
593
271
1505
1485
1568
2024
544
1875
2005
1760
1623
1566
2012
369
521
1125
1573
815
1666
1745
1276
1403
1769
1704
417
1755
1509
1748
1404
352
1154
611
1155
612
1428
1630
1656
1751
1420
1556
1661
1492
1518
1154
1254
1582
1538
1144
835
1527
1745
1920
1192
1056
1469
367
1108
1805
1904
1278
922
1811
377
1406
861
1764
1749
1539
1195
1458
571
1316
1956
1584
1393
676
1559
2023
942
884
718
1970
1844
579
1812
1854
1188
1969
1128
1090
1617
1567
1326
1003
1873
1780
942
1104
1680
977
355
1939
1200
764
1217
1485
1332
1828
1786
1997
1919
1670
739
1864
318
1134
821
1873
1795
1467
419
1287
954
835
1236
941
865
1947
1931
955
1727
1291
415
475
1838
1467
1664
1273
1710
623
1196
83
1555
1479
581
1292
1588
1672
404
1378
2025
814
975
1845
1720
1645
1924
773
713
1715
1247
1347
1314
1578
1770
318
350
1553
1771
853
1405
1872
1564
1067
2002
1525
925
973
480
1186
1351
1730
1039
1214
1036
1496
925
845
1356
785
1816
1315
1570
1304
2030
1283
995
1603
1023
623
1344
1851
915
2025
1770
474
822
1241
1825
591
1702
1585
1251
497
1948
208
924
1726
692
2031
1488
1780
1769
796
773
1397
1522
1035
1929
1953
1290
1524
1499
710
1530
1064
1130
1421
1558
755
1987
919
1991
2018
1710
1063
1910
1433
1855
766
1038
1189
1298
660
834
394
875
1354
1120
1508
1735
816
1227
1398
968
1756
621
1342
1881
1216
1748
461
1876
979
797
444
1250
961
1423
1628
1249
1866
623
1745
884
1351
702
862
2024
1450
1269
822
207
1112
1597
1078
1183
1629
928
1690
91
381
1373
457
1552
347
1934
1929
342
1094
946
1340
1096
1200
987
1323
654
1887
185
1110
1438
1070
852
1176
1923
406
1246
442
1028
1240
1967
761
1896
1513
1668
1569
1937
869
1469
1678
454
1447
1189
1660
1574
1912
1990
1340
1847
1213
1390
1972
1693
1259
460
1248
1468
1172
1085
1758
1780
1422
822
1281
927
1217
1668
1256
1126
1751
1308
1582
685
1738
1828
1544
1103
1119
724
1957
723
1113
1369
1570
1207
739
1440
1857
1776
1470
1240
1560
1590
1081
1783
1733
1877
1356
1687
995
1038
1486
854
384
1755
1716
1284
1196
1602
1220
1970
1662
723
1261
551
1670
1471
819
1031
448
1728
1141
622
1031
1810
1498
559
1571
1196
1196
1960
864
760
1704
877
1931
1195
1029
1781
848
1835
1945
1906
1700
942
1016
848
1439
830
688
1307
1677
1161
977
1378
1657
1049
1551
837
649
1390
1520
1475
535
1521
480
1673
609
143
1619
580
962
1884
443
474
1096
746
1809
725
924
1765
1682
1713
590
1174
1026
698
1370
1383
181
809
1114
1838
1848
1542
1979
1909
1212
947
669
1169
1217
1996
785
987
1281
1717
815
1304
1527
541
2022
1124
789
1388
1402
952
1029
1610
927
807
1283
1962
2009
1538
1509
1930
1353
1655
677
1609
1496
515
1917
1471
1496
1942
1456
1757
1182
1459
1995
2027
1325
1993
1895
1203
1552
1965
1637
1184
1070
1720
962
1749
1747
1516
1784
983
1409
1320
502
1363
1093
2023
1456
1436
563
959
1338
1562
834
470
1033
739
1828
1774
696
1825
683
1093
1984
1986
512
1537
1707
1281
2005
1055
1880
1568
798
1903
1936
967
1342
1427
1392
1537
1244
637
891
183
1740
1204
336
1219
1624
939
1912
1025
1345
1393
928
1426
1741
1315
956
1041
587
1439
1352
1568
1658
1697
1643
1444
1007
1581
1229
1037
665
1226
1734
1681
1399
724
1365
2018
1652
491
1953
1081
1723
1264
1236
1303
1012
187
1223
1705
1958
349
1763
1076
653
960
886
1720
877
1276
1697
1513
483
727
811
1368
305
1329
1789
1316
979
1172
1732
565
991
1056
1677
1584
2004
1859
1184
1089
1150
1827
1647
1793
1048
967
107
1854
1105
1352
1779
1185
1544
1419
1794
1082
1159
1470
1353
1501
2021
1854
936
1415
1485
1086
1590
1849
1961
649
235
424
1601
993
1272
1157
1448
1226
609
1464
1615
1746
849
1960
1000
1026
1193
1122
1866
1227
444
677
1749
1585
1786
1202
1130
1797
1054
1656
834
1479
796
1528
916
1389
760
1266
123
1271
1525
639
1643
1497
1351
638
1572
1883
1631
1574
1845
1742
807
1555
1242
1142
739
1153
1626
1205
1408
1351
1640
1762
329
971
1506
702
1949
1604
399
1325
1385
1984
1423
919
1437
1761
1001
101
1713
1682
885
1075
1618
1061
1708
792
1743
881
640
598
728
1115
1336
569
1066
870
1229
1111
1465
1921
526
1478
1484
956
953
1358
759
1153
1964
1947
1978
811
1849
1519
869
1780
1740
1104
1498
1358
1315
1014
1369
1753
1640
1312
666
1513
266
440
1560
877
345
1206
1398
650
991
1668
1516
990
1458
1767
1030
1996
1949
1886
1476
1770
1635
1996
1001
1684
201
805
1910
1932
486
1199
928
1368
986
1426
1686
1051
1169
945
1364
599
1993
974
1916
1751
1962
154
1467
1653
1217
1812
799
1957
1949
1285
946
1796
1909
629
865
1324
947
120
257
1132
957
1801
1612
777
542
1470
645
1374
672
1544
1086
1595
1598
1987
2010
1330
1574
1601
1845
1882
1775
1319
1155
1000
1742
1929
688
131
1346
1607
1721
971
1869
469
1155
1967
1695
993
1466
1768
1760
1250
1336
411
1043
1068
1518
1478
525
428
1709
636
1966
1299
1306
1377
1006
1091
1510
1361
1230
1528
1081
898
1674
1398
856
254
754
1792
840
1409
1620
1380
1756
1444
882
1521
1333
1988
1744
1656
920
1425
1803
1899
312
1498
1362
984
1789
1212
1588
576
1545
1083
1979
690
630
296
1269
1720
862
586
1856
1616
951
1276
1759
891
1845
1961
1112
848
1962
897
1020
1339
1048
1955
1052
1913
1222
1780
1678
426
1568
1527
1090
262
947
649
1191
561
1673
817
1413
1020
1473
708
1455
855
842
1756
10
1991
1691
1429
1924
669
1354
1374
634
1011
1664
756
716
1262
1316
1815
689
2008
1983
653
1394
224
337
451
1260
1542
1074
1567
1969
210
1021
1824
1527
178
887
1385
712
1943
1008
424
665
902
357
776
753
1035
532
1553
1946
406
1354
1692
1110
1650
1184
1135
1872
642
1748
1450
1870
1770
1373
858
875
1420
1035
948
2030
646
924
964
1748
1543
1312
973
180
1071
1834
1806
747
1964
1440
1744
361
746
1756
1401
2026
1018
1842
1191
1818
890
1711
379
1001
591
1512
1285
1917
981
1570
1545
1601
164
1154
1583
1716
499
1722
784
1144
292
1963
1633
1521
1332
1207
1707
796
1879
1743
903
1802
1026
1852
677
1589
1268
608
881
1663
825
1866
1626
431
1075
1289
1442
2006
960
894
798
1542
1474
1291
1347
785
661
1133
1913
910
1238
1763
777
1051
1784
913
1180
1202
1344
1850
1127
1466
1071
1641
1084
762
1919
760
669
1846
1687
1765
1742
1243
1480
476
550
1399
1270
1495
103
846
1386
1942
1115
988
1506
459
1913
1887
1608
985
630
1140
1641
1404
1589
1536
739
168
1484
199
1588
1672
1890
1560
1741
1891
1405
1681
712
1703
1027
195
1605
813
1446
1856
1385
722
594
1310
950
1912
1206
1848
973
605
1157
1587
875
756
411
1760
1610
1251
1727
1950
1620
1128
1453
1728
1680
605
2026
1403
1559
1821
1669
1784
324
613
1303
1850
1161
1195
221
1807
1547
1499
580
892
522
1998
912
778
96
1958
732
674
1181
1487
1721
1192
936
1008
525
938
1388
1256
1493
890
511
858
1652
1322
846
1425
1168
1873
1528
1743
1322
438
1506
1030
1790
1647
1876
1425
1975
1594
1479
1637
666
269
1902
1059
270
1757
995
955
1802
1656
1631
550
445
1209
1659
1153
1499
1976
1712
1167
956
1967
1844
1952
1514
1071
1721
1203
1621
710
1420
1889
1613
824
485
1698
1158
1271
1903
515
990
1631
1450
1181
1419
1514
479
1606
284
1099
1608
630
1280
1259
679
1504
2022
1841
2010
1511
997
1575
1370
1912
853
1821
814
1148
167
220
1628
935
1204
996
1758
1104
1052
1353
477
823
1060
1886
1208
1258
1262
1288
1300
949
1384
910
1017
1117
1963
977
1461
1916
1309
1527
656
1617
1187
1688
1601
1676
1676
1396
1214
907
1832
1128
1338
1866
1067
1956
492
1789
1486
1338
1250
1329
1160
1683
920
974
1420
1218
1888
1488
1368
1354
1843
578
1688
975
1464
981
1810
1569
1129
1917
1581
317
1084
1758
1826
498
575
1502
806
1378
545
1032
943
1375
1905
1789
1474
1683
1658
844
377
783
569
1201
1011
1289
1002
1715
1393
1164
1422
1750
1378
1423
1987
1514
1973
1660
1373
1220
1230
1708
1709
983
1066
1247
1480
1191
1436
1429
1855
1024
792
1330
1914
1261
1325
1564
1505
1530
1968
933
1882
1481
1681
1363
1802
1355
1234
1921
1518
965
1342
1688
1169
1795
1467
1502
1700
1628
1156
334
328
1929
1074
672
1374
828
1896
1566
1234
833
930
1737
706
830
710
1375
1236
757
1764
956
1132
727
603
1222
1807
1979
1111
1916
1152
1216
1148
1223
1131
1458
1219
1986
1764
603
1006
1202
315
1462
1567
1655
1210
1255
1354
1039
860
1570
446
1378
176
1525
1628
780
912
1978
1995
792
1486
1791
1939
1403
1793
873
1631
1065
1829
1447
1708
1347
1628
1694
1760
1466
1321
1788
910
322
1877
1344
1512
1640
906
1743
1216
1395
1929
1232
1297
766
793
802
575
1742
875
1168
523
1704
1536
1168
1675
1057
1465
1312
1877
1270
1111
1153
1439
514
1827
1422
1816
1688
634
492
505
1847
692
840
1797
370
1749
323
907
1534
1804
993
1873
1307
1958
991
1304
1770
947
1889
1137
1853
1848
1062
1504
864
1924
1505
1941
1002
1600
2002
814
1553
1284
1765
956
776
1405
1138
1017
1502
781
1370
817
1227
1723
785
682
1357
707
1804
922
1454
1766
939
1789
1470
1715
1268
1710
1322
1075
1922
1460
1331
363
422
1189
1484
1373
647
537
1878
2016
1210
964
1063
411
1180
1710
800
327
1230
1861
1471
1758
911
1678
1666
740
563
995
641
1472
809
1520
1292
1981
621
1283
1414
610
1113
1998
1963
1305
1843
1237
1971
1640
1199
1863
993
1173
1923
677
1977
1633
1619
737
1765
1954
1504
1750
1696
1812
1116
1131
784
370
1852
708
1488
1606
1399
469
1785
1039
606
1966
1833
612
1568
1261
907
1209
1890
764
1651
863
1114
1344
1751
1553
1691
1545
1290
822
962
1146
1756
1585
1641
1787
997
1022
1555
800
674
1124
1979
1901
424
1980
1063
1021
1188
588
901
1207
1051
1661
500
679
369
1852
1917
1212
1599
680
1702
1039
960
1784
1171
1769
1772
1627
1935
1471
951
1297
797
1735
1154
1421
863
1969
1695
1900
1851
658
1175
885
561
703
1596
1665
1725
399
798
1275
1730
1634
678
1962
1975
1744
1944
1563
971
870
1528
1041
1919
485
1194
1078
819
1081
1962
1454
1747
542
465
1667
1578
1612
873
1288
1879
1566
1309
1444
447
990
829
1302
1446
360
1273
1907
986
1717
385
1537
1974
1752
336
1422
1251
1538
1064
349
396
805
1946
385
1170
716
1455
1109
1442
1895
1858
1611
1848
1386
2026
1721
1962
1725
158
1143
551
2012
224
1402
1027
1824
1748
2016
655
1213
1742
1570
1170
1873
273
211
628
1220
1400
646
1200
1757
1837
1509
945
1129
1431
1522
1694
1910
1144
1668
1736
1874
1355
1296
1352
694
672
467
1521
1508
890
997
1334
1265
1758
1628
1268
477
1811
751
1679
1469
1241
1721
1733
1369
1417
1004
1373
1731
676
1101
1949
275
1317
1859
1633
532
454
291
1373
1961
1617
1491
1993
1503
1753
1405
1549
1395
890
1570
1663
1533
1153
1948
1382
1429
1574
1475
1130
916
433
1593
1835
460
1581
1312
1789
955
899
2030
1759
1324
1955
869
1350
1205
1401
1544
1427
1868
1881
146
1255
1651
1876
1978
1549
1526
1475
1626
1234
1229
1489
322
1509
1517
707
1882
1866
1401
1068
1677
1522
1717
1682
1154
1883
1878
2025
1441
1628
1041
580
934
961
752
1456
1660
1752
1559
1737
1566
1050
1645
392
1172
1072
1260
703
1818
1703
978
954
1479
1280
210
984
1903
1242
1285
1343
1757
1918
1674
864
430
1454
1325
1707
1811
797
1463
1652
1580
1650
1349
1467
1871
1994
1423
1335
363
1934
1751
1714
664
1063
1180
1897
1089
609
1044
924
1963
1872
1634
1502
1292
666
1319
1734
1962
862
1008
1247
1621
1000
1320
955
1764
937
1690
473
1209
1395
1310
1357
151
1711
1377
937
1188
1307
1005
394
1148
1294
1727
674
1841
1411
1016
566
1155
1568
1341
639
689
1378
1500
859
1489
1478
387
1503
1220
413
1704
1770
913
1236
772
1945
1637
836
1372
1155
1210
1676
1032
850
1956
1705
643
1704
426
810
1643
282
890
684
862
928
810
947
1468
1997
1046
954
820
604
1707
1264
1664
948
1761
1175
965
1807
1210
1954
563
1643
1638
1358
842
1871
744
907
1481
785
947
1146
290
1381
1121
1233
1288
1028
841
1083
988
1519
1225
1975
1846
1434
452
994
1549
1642
911
1793
1656
874
1509
672
1106
1550
1715
1348
1423
1338
982
675
1323
1011
1013
761
1719
1028
1948
659
1969
1264
1856
1102
605
1381
1653
299
1150
759
578
1222
1072
981
1437
2004
1097
1439
1802
1653
2028
1133
1577
203
1250
803
1345
880
639
1988
720
1613
1117
1402
1461
562
1181
841
2001
1526
1737
586
937
62
1347
2017
1948
1960
1753
1203
981
1383
759
1280
1249
187
1052
1614
1014
1008
888
1644
1504
2022
1103
1938
1283
1486
1391
777
1780
1810
1422
1727
956
1325
1306
814
1355
1326
201
942
1331
1159
523
1877
1351
704
967
1373
1421
1472
1175
2007
1977
1033
1956
1860
348
1505
2022
1241
1601
1304
1274
1637
1457
1582
1269
344
399
1898
1663
1194
1281
754
1793
1214
1040
1501
578
1258
1801
412
972
36
1227
1133
116
1582
1356
1983
958
1966
700
1754
1054
1643
1073
1300
1497
323
1936
903
1433
1189
1927
1638
1991
1396
696
1826
1201
1934
2031
1905
1976
1477
1725
1515
704
216
1201
1911
937
675
1804
1777
1119
1470
1286
1163
1281
1619
694
1420
1648
1092
552
342
560
1804
1377
1836
1026
1832
1865
993
419
1958
1496
1230
368
1917
1092
1025
1892
1769
1831
99
1802
1126
1722
1207
1840
1776
1422
1991
998
908
503
1149
1942
1800
1277
902
1758
1853
1625
1563
1282
859
1086
1234
1418
1972
764
613
782
817
997
1563
1783
1516
1112
858
1635
712
1731
1585
1109
1924
1370
1182
1398
1574
1710
1720
905
1151
831
1385
1279
764
534
1152
1619
976
1838
508
1773
1657
1021
807
1608
640
1600
1638
562
1225
1689
1749
1486
1685
1653
1578
2019
1646
1099
1298
443
1663
967
1251
982
1455
1935
1121
1306
1353
1484
805
1530
1429
1597
750
945
1764
1184
1928
1342
1137
1092
95
1332
887
833
569
162
819
861
1720
1690
1590
1073
1078
1449
864
1415
1455
1804
1833
592
1250
1726
443
1678
1706
545
1549
1011
1885
1791
968
471
845
1471
1355
1674
1155
1240
1200
971
1139
1438
1717
2028
1425
1707
452
1921
683
1876
202
1413
1417
1693
1753
1664
752
407
1144
1985
802
1080
521
1230
1227
1446
1044
1290
1896
779
1685
1978
1872
1060
1366
1157
1616
622
1948
1409
737
1068
1081
1773
1471
932
1589
1736
1730
1952
1972
956
785
1056
495
496
1421
1248
1711
1352
318
1470
1488
1760
1831
1062
725
998
1691
614
311
542
1474
1426
1701
332
863
1862
830
999
1459
1907
1870
1394
1363
1194
491
455
1230
1588
1399
1759
1579
1060
559
1330
1397
1807
1671
1632
258
493
823
1091
1752
306
1403
1679
896
1570
1238
902
499
1819
794
1094
1519
1970
1382
