259504
6483
261002
5034
56411
264426
24452
4936
264348
52133
25833
25822
259614
21088
178
29187
30759
112
57062
259615
29593
29812
4838
21156
52333
31283
50684
211
29816
260963
29664
19617
29664
261815
34295
29564
29553
31272
19524
1657
35861
26656
200
25803
31202
259525
31146
1571
35799
31287
26596
46641
261065
24354
1688
101
10058
31956
4917
16388
4775
1671
4760
1693
14802
100
31861
121
260964
4948
11629
1649
16286
261242
6220
27124
1471
259609
264238
121
17238
264237
1650
7746
7083
259678
27131
14827
25
4849
261007
6387
4944
7717
14915
32029
6216
1572
16443
7729
260996
7750
10096
33316
1688
7181
1650
11794
33322
7756
15060
6320
28752
33410
16286
7098
27123
1509
33331
6415
31861
28789
33529
32019
34820
180
44
37198
28790
37160
1479
37180
37197
31879
33496
34821
7746
200
27292
14973
28753
14833
37198
7719
11787
200
6330
108
21
33471
27380
7106
11010
4859
4776
6457
5597
32017
34321
1531
32692
28075
32058
122
34308
873
6453
31861
11567
32699
27977
11017
6453
27313
11589
1632
1615
1630
10058
10063
29502
10942
5487
31915
28801
29586
28644
14707
32589
14790
27962
2461
952
29564
12424
1726
32014
952
10096
32587
31757
31774
2483
3967
11566
1609
28810
11607
3955
881
10098
11836
1030
31736
31925
10294
1710
11805
5507
11804
14928
2668
27975
10180
4662
219
2462
4833
11687
2373
28077
2361
1632
2540
12456
5493
881
31914
1526
1728
27975
2394
28712
37197
31835
112
864
16228
10296
11745
873
21244
25086
953
24986
14807
101
20363
102
22814
11744
10178
1610
3963
4635
10058
23019
4755
21861
4741
21224
4807
1688
24393
4034
10065
21882
24307
893
22718
3957
10947
11674
14029
21972
4886
953
14887
21889
22833
21901
10317
14951
1699
15678
2473
24465
873
22814
24285
4824
216
1030
12419
3972
2660
12
8
15529
4212
22745
11830
22076
21983
10078
4809
4135
22039
15739
1709
954
10057
13997
11596
21232
1720
3942
1531
20468
10078
10059
12663
21899
10069
14229
14003
22741
14230
1716
1717
22713
12667
21304
21882
3973
1696
20551
14170
2402
2399
15522
22753
960
21241
12
2561
24484
20541
121
112
960
2561
11745
15529
10174
11826
14882
11824
22733
21236
15502
3975
20562
4212
24484
12656
10316
10303
3975
21981
1617
1611
14955
10315
186
15678
22040
1695
12656
14945
15678
22814
10178
12664
10336
11836
21972
885
20452
2483
11667
10095
14943
10058
1630
15521
10179
21303
1617
2483
14266
14092
24484
2373
4151
12439
24306
11844
10080
2383
21215
20373
1687
11578
20389
2386
20568
14236
24492
2383
4824
4798
4803
4134
21211
4141
12456
21977
12663
22824
969
186
14340
2461
11187
16963
16876
10396
222
14350
14328
14435
15849
15203
5481
11268
16601
12696
10505
12003
20595
16768
953
11912
14351
18313
2463
12755
10417
18963
5555
4150
5622
38
1
201
16938
18301
11844
14408
1030
15778
217
14418
18293
180
854
15737
12855
12839
5623
207
17027
5443
20594
2383
15766
10315
15953
16711
12655
121
10417
16711
11832
1550
18274
11811
1708
11185
11989
10501
14414
14255
5621
1787
179
11924
1
12777
16767
18132
10333
217
16869
11804
12777
15927
4051
16710
3973
17249
17260
5443
18948
14435
4964
12694
2400
0
4042
11911
2363
16015
16769
11269
1
179
15192
11905
211
18200
2405
16897
5476
10295
12002
18102
5465
279
11904
2463
16994
16875
16697
2
3936
11168
16697
12757
16689
12667
15770
17259
18311
16015
2548
15944
4794
960
1710
17232
1632
15113
18272
17220
14257
11925
16767
14336
14337
15086
14407
14507
11169
3956
952
18968
1509
15758
12778
5443
11926
1695
881
10484
12657
11982
16601
5443
8
14240
11811
16867
123
11911
1
1621
18373
873
11832
10323
5464
8
5472
19068
2369
2539
16875
5565
16963
1731
1517
16767
15745
14439
4133
18133
16796
17220
180
14269
1532
1531
5464
5622
10333
18272
14229
4120
10295
4909
15956
16869
4809
16789
17237
16768
22
15849
18100
11825
4055
5466
15760
4129
16016
18958
15849
14349
11811
11905
2394
10315
12778
10327
4036
3963
15188
11184
15859
2
16628
10394
12777
4120
952
16015
15101
16789
4794
12688
14250
11254
2539
2400
12693
33
879
3934
16768
11169
12699
5465
18096
1710
12002
10484
16768
219
11247
5638
10295
3942
199
4964
16867
15759
2561
16768
14261
14433
10295
15107
10335
18954
12682
4035
1709
3942
1
16994
5476
15258
11247
2462
4120
11983
18990
5545
19054
15192
14249
12855
15743
18206
10306
4794
3936
12676
18948
200
11168
14414
12688
0
19067
16808
4819
19046
17253
39
12756
10327
19068
4133
205
4120
2369
178
1510
17242
15119
16690
860
14328
14414
15188
4145
1521
1531
15201
11841
10572
15944
14329
12002
16797
17241
100
15081
16938
3967
1695
1621
853
10396
2540
217
17259
5466
14228
15924
15759
1542
2373
16867
10396
14240
18958
15770
14406
10505
18102
15937
16790
17241
102
18948
16875
15927
1542
974
12677
5627
16769
17232
14349
15759
1510
15107
5464
17241
11842
3935
18127
11844
10317
2551
5482
11169
18195
10323
8690
11934
7902
10273
975
5555
2399
10283
7922
11950
10163
13287
178
2461
3935
4819
7800
5564
6596
10339
1709
6397
14281
11835
3955
5544
6494
14285
3936
6574
14118
1716
4794
4787
2462
4141
4145
219
12012
11746
5552
7808
216
7026
6333
11756
14411
14312
4120
4124
12707
14296
9525
106
8674
14275
2384
14302
14296
9487
9410
7978
7823
4042
8681
14118
2361
1687
5472
7822
6334
8753
9531
4153
6970
112
8017
217
8079
9432
6407
8660
12688
14373
13266
2482
11935
8681
13272
12598
7841
6612
112
9330
10282
873
1538
12598
9525
5644
2478
6295
11857
6585
11951
14311
4786
14412
4133
3955
11836
12608
3563
8660
7912
11812
2672
11813
2556
12776
12090
1688
12664
216
2766
854
5634
11924
5734
3100
1548
7801
2712
1521
38
3343
3100
13354
10372
199
7833
3291
2677
8
8675
10169
2994
10815
38
190
3114
3208
3616
3021
10263
10461
2560
9489
12
12765
3455
3182
975
219
10190
10814
1610
3282
1708
1621
853
3631
891
7829
11913
8754
11924
11082
3303
2998
2677
2551
9338
9495
9421
5667
216
8674
5663
9508
10512
4784
10511
10900
10915
12776
12676
9504
2399
22
13344
9318
3113
10261
9508
7909
10184
7980
4904
8774
2541
2993
9321
1716
10999
1517
2677
1689
7839
873
2765
10970
1550
178
9508
5061
8760
1621
11850
11850
5039
3343
2568
8754
7800
2551
10565
9488
12
2361
3664
10202
4805
217
964
9489
1621
4968
2639
1687
8019
2362
12664
7978
3664
11935
9432
12786
1530
874
10987
3179
9321
3093
10263
11845
3622
10441
3192
9338
10173
9309
8753
9525
12672
8674
2641
10900
3272
8773
2993
7829
1547
10182
3271
1725
7802
3211
12787
2664
3715
3270
2993
190
4820
9431
12013
1510
4882
10830
4904
4890
3665
2560
11009
8
1530
2718
13422
11990
13323
874
10970
10377
4803
2373
112
3303
2478
4890
2461
885
13359
12676
8764
10194
2772
12
1532
10347
8674
11914
7921
1530
10283
11824
11841
10190
12019
3542
11014
29
12765
9487
3285
2991
3032
953
1521
11990
9417
12090
2
10478
7979
4503
5047
864
4494
3223
1716
3008
1509
4390
3091
121
7908
9409
10182
11992
216
3207
117
5147
7808
9418
12772
10282
10202
10510
10566
1699
3652
4384
8760
3306
10993
3016
10784
8677
13350
186
10380
8654
3091
4420
1688
8760
4482
7829
1617
9338
1695
10784
5139
10178
3034
2399
12772
10283
10833
7990
3207
10785
7921
5072
953
5041
4390
974
10477
5161
854
3297
3542
3202
2402
11851
891
10834
13329
10812
9525
5161
7808
2482
2764
9348
3568
10410
4560
186
10805
5089
10804
3006
10360
7833
11990
10368
10389
7808
8702
2984
5078
10163
2539
10219
12697
13333
1509
10795
11014
1689
3746
12705
8017
7822
8001
3235
1737
11863
2551
7823
13329
3005
8024
12
3563
11834
22
2932
9348
5040
41
10397
3716
200
10223
2561
9309
1547
3037
902
1542
12686
9367
2597
7839
9321
2390
1517
10733
2373
3006
1532
4403
5061
852
10190
9350
1559
918
3436
2613
4421
1699
8024
12693
4560
1
2378
3634
21
9528
7825
5040
3451
1511
4404
1
7999
3571
10212
10221
10220
10162
3552
3720
195
10194
4382
12714
10806
10368
3186
10200
7852
13329
13350
12697
3580
4433
1555
3436
1509
2932
2400
10390
1709
5080
1560
4384
11990
3206
11863
3455
3185
10586
5093
11813
9350
7850
11858
7859
13359
10732
12686
7978
3207
3231
8017
1567
13329
12012
10593
9495
10390
2412
9504
7850
197
3709
3532
870
3435
3560
3708
9525
9933
12023
9982
13350
2786
10158
7820
12235
9949
3771
7801
12027
5090
2374
2164
2181
1726
3583
1547
9371
3779
3588
3934
10435
3559
9969
12252
8473
3726
4154
9109
8632
2308
3934
2361
842
3738
8885
2143
1301
2007
240
12002
186
12054
3749
3933
12053
8240
854
8625
12023
7800
2002
3962
2160
1263
178
11862
1969
3583
31
4177
9051
9786
9964
12163
351
3745
749
3548
832
3588
9101
7998
9937
195
849
647
653
1977
4185
3538
7851
8669
9081
842
12035
9076
7808
8150
1276
2199
231
9096
3550
9247
12384
8236
2173
1276
3758
8677
3945
3746
12002
3580
8220
12384
242
12240
1268
4103
11862
8451
8902
9069
3770
240
3749
1447
8220
2137
3583
33
12436
11849
622
832
421
3746
1977
11820
3753
18
12053
2164
9053
7825
1110
180
45
3758
357
1098
9196
12020
8636
8642
3880
12446
2002
18
178
2165
3538
7817
4153
2019
12163
3738
58
11857
8626
242
1271
1124
9976
3950
8875
7853
12163
30
3580
3746
12027
2135
11814
8549
9758
1114
1252
12002
1965
3563
12007
9113
7842
1252
9952
9937
11998
7990
4152
1075
9195
4181
8550
8662
2168
195
11841
8918
1994
4164
1302
211
11814
8373
12385
844
12383
3767
12008
350
9247
8902
8677
7802
7995
2147
869
8008
12015
1110
1131
1098
672
9757
3710
854
3741
8015
12391
1446
3548
4383
7998
1252
4628
3563
667
7320
403
1969
4371
8007
12246
7544
1091
3561
1447
8002
4620
4371
432
571
404
248
240
12223
3771
53
7781
2187
4190
3583
411
7994
12
7339
11849
11820
7556
11829
7544
7796
1081
3716
3542
3542
7158
12384
215
1102
1132
7780
7574
2165
2361
825
4644
2186
7994
12010
12227
1969
3950
18
3555
7575
7179
7339
7378
7349
7320
3887
1990
20
248
7183
8016
1446
7994
2199
3571
11990
2
640
623
7321
351
3728
12035
3547
4374
3753
2172
3945
11862
3580
4160
7171
4604
2186
12436
1
824
4653
2
4603
7372
3951
12027
1271
2360
12052
7546
240
12008
421
1022
5488
3951
11849
1004
12383
7390
3933
8023
842
12217
4557
4583
1229
11851
58
7998
12028
8143
2361
41
249
875
1447
242
11990
1965
8003
7383
420
11849
7712
4280
12163
58
428
208
7498
3879
886
7372
12163
3530
4724
403
2360
11841
849
12035
7356
7372
1256
7192
3771
4926
3588
7813
3738
4102
12235
1211
875
4279
1201
7349
4591
1986
2143
432
2308
4787
4169
7327
420
7360
198
1260
51
4549
7349
7381
12446
2155
11991
1194
2197
7765
3941
11824
7983
663
1020
12162
3753
1060
433
5489
7381
12216
1446
3571
4775
4790
2015
3737
841
3738
404
7994
1003
4590
3935
8003
3563
7564
12061
7179
4774
411
12169
7199
2008
4741
7174
12021
12040
7546
1247
4534
4190
1022
37
3771
7796
3550
2137
404
11998
12452
3709
2173
7203
673
7569
8002
3538
7783
2164
7319
405
12052
7553
12215
7153
7492
1257
1986
5487
836
11832
3880
1998
11870
4561
886
7142
1974
12246
12035
2019
1252
4387
1054
7360
12
4169
8143
1032
2015
178
4371
12061
3779
7319
411
25
3778
4561
11998
7577
219
2314
12060
1043
7982
874
4782
420
7965
1020
236
3881
7804
7159
1039
12240
216
11862
7193
1202
7356
3531
3542
7808
3746
12163
4550
1239
1958
1205
12015
8002
404
2306
7178
12245
12244
1998
4540
229
1395
3733
4775
4197
1975
11820
853
2186
2307
4544
3720
579
2176
41
3560
2152
7793
7182
1
11820
5495
659
12435
1035
4787
4384
3741
7356
4393
1004
12061
7813
1060
571
12008
4154
3563
12435
7783
0
4794
12235
12053
7357
4573
3725
7575
630
1999
630
12446
249
8023
7203
178
11874
12
3778
4160
1194
4280
7171
3880
1211
663
1211
422
1002
4152
1195
3880
3951
2308
8027
198
203
1258
7382
4197
2153
11829
7191
7764
12048
1228
420
3745
196
432
1965
3772
7564
7892
37
8144
18
4404
2155
4769
12041
2180
4281
3728
3881
2197
3548
7344
351
1977
4723
1019
12043
1
1064
1264
1396
215
7802
11863
208
190
249
3941
2186
11853
7321
12053
3728
3548
12223
4170
1395
11857
4181
2155
5495
1975
12215
12031
219
4774
2173
2193
7172
4280
180
12232
7178
3708
7364
3761
7153
12008
219
31
11813
3580
3962
4743
11842
1003
4395
39
7982
180
3555
5487
7552
53
223
7764
12169
2362
8023
4569
39
4152
572
8027
7765
8015
7339
7808
7344
7344
854
3708
7321
7174
12019
875
4172
17
7977
4758
7998
4138
11830
4927
7336
420
4126
749
4391
7490
3933
8006
7720
7774
1040
604
3951
3958
4573
7732
1958
11814
4113
12053
4562
2136
4563
1395
1252
12
4583
1055
62
7390
350
7757
4775
824
4372
1098
3758
4392
7194
236
12048
7370
440
4540
2155
8016
3746
4577
1247
1245
351
1061
1976
1247
4152
3941
53
216
12052
3879
2135
844
4788
4118
5525
12216
572
12015
4405
6862
11850
3933
7048
5694
5677
211
11812
12223
1995
223
5718
5696
5512
4569
2137
832
6839
2199
4130
12227
12161
208
7056
621
11850
6875
6855
12244
215
862
4395
1032
3580
5517
7016
4552
4121
572
1988
1235
12248
2361
3708
5690
4355
2193
17
5683
11863
2019
25
854
1975
4926
7032
4355
5516
195
219
4379
2198
842
4552
3772
4146
1407
7053
572
5698
12384
874
629
25
589
832
11813
1245
6837
1969
604
2164
1975
12412
12401
31
5524
2360
3583
4540
5890
350
3559
3738
1987
7053
5667
4927
4550
241
832
4769
2165
3749
405
211
12169
1022
51
5723
1397
4142
195
5488
7027
5907
2143
12400
4570
1958
4130
12
2143
4590
12028
601
5690
853
51
865
3548
1065
4152
4759
4705
4585
825
4374
203
1244
1032
1066
45
5703
1227
229
12400
198
4594
2172
30
3560
1065
3550
571
5507
4569
7077
4131
33
11874
12252
1003
4561
5910
3728
195
7015
1407
3779
7060
3563
2152
5505
3542
1239
4119
621
7466
228
3538
4703
411
2314
178
1064
1965
7015
4151
5666
7194
7269
1052
7678
5727
1395
7586
824
241
1027
0
1022
6838
3766
1035
832
4153
4942
836
421
4139
20
3737
7277
7847
432
7870
6875
3941
30
4134
216
2314
223
604
3953
3561
7186
1244
4126
3758
0
4395
5111
1590
4758
4595
2087
4955
4544
4379
7663
7441
3737
1227
7044
1403
3542
7681
825
4563
4159
350
3709
4362
1174
208
5615
1420
4945
1047
7260
6876
7723
4976
600
4130
7065
18
4583
4983
4103
7681
5793
750
7426
7694
4794
1066
242
37
6839
3734
7027
1603
191
6857
3966
3753
55
4972
4926
6858
5138
7410
3584
4142
612
4566
1047
1047
4102
3551
4155
3543
1607
859
616
1418
7683
5635
1004
1025
3953
4155
219
3575
5816
5615
1175
7862
1014
22
1586
7884
3710
7262
4952
878
351
4933
8
7241
825
5650
5115
571
1057
4395
1442
213
1015
5144
47
1619
4778
1002
4971
3564
7715
1442
4135
1618
7702
4395
4110
5793
5623
4757
605
4578
3741
6860
1593
178
7853
3710
7430
7694
4926
3769
3880
4979
1593
219
4938
571
4378
4949
2132
3710
4389
5126
4779
3565
4546
1061
7463
7273
4777
3575
1173
624
1573
3716
6838
7036
7036
4407
6870
7420
618
4154
1247
2106
4367
3761
3754
7695
4101
3957
4407
2086
417
7454
12
2126
1047
4134
425
1449
238
5623
7874
6872
3742
7851
616
403
6884
7260
5623
7714
859
4123
1415
3941
4121
5668
1428
7708
4532
1608
7416
7240
591
6851
3571
2086
1002
5807
7880
7273
8
6857
4280
3933
2097
3720
837
4704
5656
1450
2097
857
5807
45
12
34
4368
4939
4765
1043
231
4546
6861
2093
6891
3576
585
4103
1015
5124
7048
5650
4592
1593
4577
1586
22
4946
4585
4926
1429
5801
1595
46
4114
4356
2097
340
7248
3563
6878
8
6872
4409
1595
7872
3564
6890
3563
4565
3583
8
2138
4142
4577
4408
45
7420
4758
3565
1
3933
5650
1235
4374
7260
21
1015
1395
4777
6860
6850
7420
3551
3722
1002
35
6859
5138
4376
5644
7840
1025
612
7861
4393
7063
7709
7263
7422
4375
1029
1249
3731
5627
41
250
7017
7042
4552
7240
7410
7436
47
4376
579
6846
7683
7416
1041
7851
5116
4395
3720
5793
4103
6851
1612
199
7029
6839
250
4926
1443
202
3757
4103
4149
4376
7087
4933
4356
3532
1241
4125
2093
7878
3716
7043
7076
6877
4401
3934
12
7430
7241
5132
27
583
1600
4540
7853
1043
3871
430
7042
5124
4280
4591
4765
6839
4279
7861
7851
1062
1229
27
4532
7043
3552
198
7240
3550
3769
573
2093
1349
5663
5793
790
982
4539
1200
2106
4128
1176
3870
7606
1199
816
572
3709
1002
2099
790
4123
3933
5801
49
995
600
595
1376
1357
5623
4690
5635
1154
4717
1201
1211
7264
7028
3579
3769
6872
5643
4123
612
190
975
911
7621
3934
2132
4287
1
3538
5644
405
4328
4129
5047
5805
3565
4881
7074
757
7015
790
4318
7042
7627
579
6878
3578
7056
5662
4123
4123
7600
4868
2107
1378
4709
5053
5814
4703
4916
6850
1359
1
5805
7016
1211
1211
1349
4706
1010
1173
599
3946
1376
200
4351
4307
4114
3710
5623
7824
3552
3749
0
579
7050
5795
3709
4101
7598
1022
1153
2126
7614
1377
4695
4895
579
982
5656
7614
4340
7028
8
3552
1377
7409
5815
1517
4730
571
7609
571
4528
4319
763
7432
619
7050
4339
7812
4338
1365
3960
403
749
20
7086
3748
1023
7659
7036
5637
6872
3532
40
7646
7015
7645
7653
4122
7177
771
6878
4128
797
585
4544
4890
7028
3780
1337
763
206
218
1366
7449
7016
6886
762
4916
6876
7075
4148
7082
7242
250
218
789
3721
810
4730
4291
7074
5047
4888
1014
4102
3748
7595
3955
4318
4683
2132
7594
4527
986
4891
1172
4346
751
3756
213
777
1181
594
7646
226
7646
192
976
3730
7645
3542
2114
4281
5801
987
776
1349
1180
3756
7448
237
7625
3749
7082
7267
7599
4128
4711
7430
4121
4532
7653
5793
4895
7819
4150
3716
7240
1364
6858
219
1365
1359
3708
6849
3755
47
7638
800
1153
4525
778
3728
3735
4524
2093
1152
1176
7416
5637
7811
5615
200
4704
4124
571
3953
6859
4743
5656
6865
5629
772
3763
784
3935
804
1202
3430
340
769
7813
7641
2108
340
7071
761
798
3443
3285
7254
3648
201
988
7063
3639
2664
1517
7443
3628
7594
6858
7409
2835
803
3099
7261
7626
6864
411
2105
3852
7457
7621
3272
3833
777
1002
7832
2134
7070
2669
800
2286
1357
20
595
2678
6837
1378
205
2705
7023
1516
3061
6858
3422
3277
3249
7042
6859
3756
3094
7448
611
1326
205
2862
7614
778
3755
2290
3728
7834
7055
3736
3081
3276
3729
7600
7065
7455
3257
6839
3288
773
1355
2703
3399
2676
219
416
3523
228
3079
3100
2125
41
1314
7812
7267
2304
7422
39
3245
3107
804
7027
27
3750
3081
7588
217
207
2087
606
7071
788
2509
20
2676
599
1003
27
750
2284
2132
1215
6850
3265
7068
7036
6877
3438
1191
7043
1349
2125
1341
3450
404
217
1334
3572
35
7066
7435
7456
3107
994
2869
41
7241
3722
3245
41
3257
573
3427
7262
7625
48
7443
1165
7636
1191
2508
2286
2691
3087
3446
1335
6872
3290
29
3439
802
7063
2113
6872
769
2679
233
7594
2857
1191
6851
770
3107
3060
987
3754
3259
1354
3564
2670
7178
7608
797
3284
987
2516
3251
2098
2881
584
3742
611
7177
583
415
2683
6885
3524
7748
206
2509
2658
3249
2501
22
3249
3754
7066
2311
1335
199
180
40
2275
49
7263
7064
591
3412
6850
1326
7641
1336
403
2704
3450
584
3439
7455
7588
2869
761
2887
2685
1166
2670
2087
2696
14
7447
2875
2669
3407
2425
1362
6858
1214
2271
3420
7832
3059
340
2676
1334
3709
3748
2310
231
7023
2264
230
761
2311
3725
3450
3299
230
218
14
3413
6872
3419
1215
598
2508
3073
3741
1327
3108
3426
3411
3264
2488
3087
3081
1002
2834
618
1322
3060
2085
788
2097
7023
1022
20
3087
2856
6866
1164
3266
7626
7448
600
7067
6876
798
3239
3449
802
1023
610
2501
3740
790
3276
796
7043
7431
424
417
2314
2508
3545
3721
3421
3400
1187
994
191
1314
2106
2124
2510
3427
2885
7177
1367
35
2291
7813
23
14
1001
801
1327
1337
2114
219
3715
7068
230
3276
7055
2132
2888
3434
2085
423
612
3525
2869
2488
611
2848
6837
7812
612
2873
804
3494
1187
1409
228
411
3257
7037
227
594
2489
2085
7642
771
3546
7043
3087
2276
180
3107
13
3740
2697
1
2488
7422
2875
2502
2284
2317
2846
777
3100
1326
3266
2857
3438
7042
3524
3446
3250
995
1173
3523
3440
2669
2284
7625
2134
3450
411
2109
3531
3562
47
39
2875
1152
3729
3086
7621
2834
2302
3067
571
3099
3071
233
3877
2863
3285
3756
1001
6653
2298
2107
3098
1364
2124
4329
180
2286
1314
1015
6470
4644
3087
1341
1173
3883
6441
3460
4171
3714
2291
180
3446
1021
7020
6469
3264
3060
2704
770
29
4186
6826
3864
28
1213
778
1362
1213
2705
3237
2664
7005
199
6470
3094
4330
1355
2684
24
2298
6638
2883
6623
3562
2312
3570
995
571
1173
2087
1361
6460
804
803
2843
1
3730
7016
1322
6837
3755
2097
3563
180
1023
424
200
7027
48
3552
6421
3401
2265
2883
7021
3251
3086
3863
2275
1213
1014
3757
6462
2097
1192
3545
2276
2704
2846
202
591
594
3721
2496
6449
618
3439
1314
2848
1009
3890
4191
6456
3551
2290
6836
2087
3071
4656
6845
2264
2132
3748
598
2317
3284
217
403
2508
1193
3545
3087
3099
1001
911
6837
771
3420
2105
3451
7006
4198
3259
3755
3289
583
1214
233
4164
2670
3750
2263
3289
2705
3434
4174
2132
987
1002
29
2884
3547
4200
2703
3863
3564
6443
7000
6650
6434
232
2106
6994
749
3259
4648
2112
3564
3752
6444
1192
1326
3289
2508
3752
2319
1181
987
3525
3449
3434
3753
2882
3865
1023
1367
593
6837
6462
974
2286
23
3237
6852
2835
3865
3100
228
3059
757
2488
788
805
6449
2684
2848
6611
6832
4186
7020
2311
1341
1338
911
3073
773
6434
3550
591
3722
3088
6649
2264
4191
1021
618
7005
6626
178
2695
2855
3751
2316
233
6844
4172
7031
585
974
6435
35
3544
4190
3250
3890
219
4637
4198
3877
234
3564
12
1479
219
761
3574
6846
3905
1671
1628
1181
1316
3765
2784
1446
6847
1664
6620
3329
2600
6652
3715
232
1639
1656
6441
1452
3348
2095
1181
7004
3764
987
6468
217
191
3878
6844
14
770
1667
1327
3170
22
1361
772
1451
1366
3351
1002
1629
2565
1668
186
41
415
6832
1778
3549
6456
3552
6462
6628
2981
994
2563
2244
3335
7019
1009
411
2742
217
6460
3991
1465
3149
3547
22
3732
572
6824
1663
2246
2758
6423
3914
217
1160
230
6838
2565
3353
200
3886
996
404
35
1354
3565
178
2245
199
3755
7014
2743
