389
1146
1376
1232
290
414
1302
622
85
158
932
352
462
605
787
136
310
402
275
1341
88
87
897
1259
497
1282
197
689
1369
299
525
808
1206
701
444
560
36
1393
393
791
459
923
1016
826
823
491
724
482
532
1246
296
1135
1222
890
763
979
75
8
686
734
923
93
210
979
727
759
1113
633
437
1368
48
1219
1161
391
595
681
1127
381
374
1274
156
224
903
1108
919
767
604
281
694
626
261
55
663
1380
788
309
642
924
357
1400
371
1104
1271
1216
553
217
1295
840
963
969
159
386
1082
1279
650
354
1105
470
392
1183
469
840
851
307
1214
838
567
492
452
642
922
1349
1219
291
335
825
926
1172
395
1095
301
1186
1132
870
354
353
973
123
182
91
682
1262
278
341
608
1013
199
412
775
876
1360
622
1057
204
755
150
668
131
104
1040
654
1418
1219
1278
954
870
986
1194
994
1291
765
1250
165
219
1342
130
873
1224
760
75
483
844
1095
152
1298
1288
1223
659
700
706
280
202
361
442
523
361
474
1038
322
1275
1147
110
471
329
1359
1281
530
636
580
1166
1038
734
334
1362
987
276
239
642
551
532
1386
757
900
982
223
657
1385
1094
786
801
275
1413
1193
1019
1069
872
391
937
1386
451
366
174
1231
1275
889
237
72
663
369
892
296
733
728
1281
1056
921
281
837
1020
983
597
918
1278
779
313
758
1097
903
877
367
1050
1384
1012
97
351
1047
380
958
1326
67
862
173
176
1210
576
737
1385
780
154
898
331
1414
854
878
988
949
593
1395
92
669
1316
577
758
576
494
1378
1219
294
467
297
581
1173
433
1282
212
194
1167
551
485
912
590
715
463
799
159
1137
1311
1278
823
663
781
1413
526
750
90
407
951
1205
1258
414
104
57
418
694
275
1022
860
543
1248
287
1211
1430
1059
536
1010
139
630
1224
219
852
928
60
1320
173
455
969
335
1154
1066
550
602
984
1294
441
1131
859
986
1412
1264
1349
1166
976
141
541
938
639
158
934
369
1057
347
1279
654
719
358
1438
597
1438
967
924
853
1408
1181
631
414
914
448
1137
696
1375
1119
1305
528
1187
1015
1277
332
1199
186
1270
858
1228
793
1313
272
818
506
1126
534
940
584
1219
529
316
984
494
1353
928
298
513
19
807
1078
719
688
1432
224
361
1082
838
561
841
996
455
193
231
604
621
482
513
493
544
520
599
56
585
188
269
907
118
193
429
1122
397
1430
206
1343
1192
500
838
150
127
162
801
493
560
1039
1011
42
609
345
825
186
344
1218
475
1280
597
1404
316
1036
152
549
79
1350
1169
338
1126
890
263
391
86
1069
64
325
1379
618
552
554
511
348
740
548
1022
1030
669
1013
27
1187
882
1270
58
1165
996
1069
1124
1053
988
1323
1165
802
63
1387
335
713
1088
559
246
838
347
777
1318
947
919
590
79
331
976
39
1190
338
793
615
967
762
121
1084
136
740
441
242
1156
66
1100
717
1399
903
866
617
155
125
760
1405
707
883
1371
821
1033
171
471
926
727
22
502
962
779
194
823
651
44
863
885
1351
1210
758
999
922
654
980
1348
267
320
930
1378
1374
1362
1072
1176
342
473
1012
747
578
1261
943
298
381
422
129
1398
1399
304
1107
690
1062
1323
1068
107
1040
1103
1347
826
634
216
921
721
1037
1106
713
104
699
403
818
762
75
916
1387
1045
781
1429
679
461
847
1353
117
448
916
66
1020
222
411
150
598
784
1254
757
415
636
322
940
273
1014
755
821
1337
668
945
805
592
434
1170
1184
645
1013
253
80
876
513
625
101
1385
624
890
806
936
124
1346
606
112
544
449
744
915
1427
477
998
830
1140
236
1052
818
1023
76
1095
826
179
785
818
1206
318
619
511
165
1121
632
777
1019
678
1312
55
1317
312
55
1383
1337
215
1432
379
116
438
1094
857
1103
1215
1267
1290
1184
262
534
155
561
269
941
408
894
1011
471
755
21
312
688
1232
719
469
1017
552
757
951
446
1340
1213
412
1305
90
125
1385
551
1084
1426
1246
118
877
1410
707
690
912
162
1087
1021
120
1105
1401
685
513
827
827
438
860
126
427
319
1101
1106
157
93
822
299
796
1040
1095
202
497
1027
699
1169
676
200
1322
1020
994
569
612
197
1312
737
1166
931
811
1216
873
697
1237
498
207
67
464
474
1178
1047
1095
952
360
403
500
347
300
611
92
1098
1158
1072
1160
339
704
668
381
328
191
1091
313
1311
1308
1068
562
1160
1396
1177
370
91
1402
577
848
57
29
827
655
1036
61
263
463
308
1342
455
73
143
308
34
682
649
1277
841
1087
725
857
151
839
1347
1358
974
294
1147
567
495
447
408
1217
68
222
1400
328
265
162
1146
305
464
1032
861
900
1013
474
764
514
66
108
590
1122
538
1152
165
1430
555
88
299
454
864
281
130
435
857
518
146
1183
567
54
454
70
574
852
1170
920
1036
940
1204
296
785
688
1087
765
1358
1037
898
263
833
409
1239
875
1370
976
626
1229
268
247
791
1099
917
173
267
214
153
111
776
257
354
387
92
1007
1086
1125
1180
1168
216
155
468
436
1262
664
628
1438
121
396
336
896
416
192
1395
1414
454
1415
1034
57
124
345
859
1004
1230
1346
668
602
81
1227
1090
1097
346
884
1116
792
1224
433
1131
337
729
1096
550
828
1240
788
561
551
582
1305
1293
85
446
788
317
619
1141
1149
1254
236
605
1438
1117
1327
42
639
1153
336
1143
581
1138
314
1343
783
1106
727
1195
255
240
445
202
312
1033
98
20
311
767
852
437
220
905
347
1188
1208
887
721
387
696
687
687
629
885
1185
827
1238
403
1158
997
1374
920
687
418
478
753
443
52
273
775
853
368
278
197
307
1244
857
641
1114
1358
149
918
1138
1306
1006
1373
759
900
982
640
273
1066
969
730
1382
692
944
1309
1229
1066
478
160
1021
225
200
761
507
630
1042
1335
312
1153
335
365
879
844
1126
1130
1006
343
593
308
694
133
1395
1177
498
623
1133
466
173
700
340
1306
600
730
137
133
837
633
519
571
229
864
739
1186
290
480
406
1252
578
192
1243
1104
450
1243
1113
343
838
287
519
64
1283
774
976
521
43
1170
1047
965
848
480
157
613
597
553
403
539
1121
1278
370
380
1276
56
839
1026
1149
17
797
484
638
863
1369
367
1416
1127
1182
1362
365
1028
686
268
967
1324
932
678
321
1241
1202
233
504
218
928
137
222
630
784
467
91
704
1188
862
98
513
440
1417
254
34
243
690
1055
171
731
336
635
542
41
666
447
110
733
1432
298
448
196
703
559
551
137
33
1336
202
413
543
1009
1039
1246
326
1138
815
437
512
917
156
228
875
940
85
772
1308
1354
706
1159
273
715
162
1141
91
1264
123
1292
651
941
432
318
1068
76
360
33
394
447
617
717
833
814
550
1370
147
508
212
639
535
1214
513
974
960
442
1274
374
128
1369
758
332
1414
1071
26
362
1222
91
432
636
82
372
1265
315
1088
240
1433
1150
19
232
1237
1284
1256
1379
844
1011
429
740
67
532
1027
755
568
119
1191
1255
367
607
695
1279
816
1298
643
701
1395
1285
265
517
973
416
613
242
1249
168
659
1056
724
203
231
857
1061
1076
1037
660
742
355
1134
32
549
895
46
1254
954
670
1198
926
636
806
987
1153
991
1423
1232
744
152
1064
613
875
772
1026
412
315
1148
836
1128
1423
538
1341
693
504
1010
578
735
783
38
1423
1213
1064
1294
817
1090
795
300
1133
660
586
586
760
878
1254
424
741
630
1108
570
88
139
365
1016
1404
64
694
116
927
446
1202
494
1329
232
790
1163
757
793
335
612
243
462
225
1337
370
672
793
885
529
1007
710
239
163
825
70
1124
429
1199
120
874
930
138
1136
561
1225
36
1371
1240
803
1112
920
832
1017
43
333
1289
153
572
85
654
103
1247
139
726
1184
1417
563
80
376
310
1099
760
919
619
1319
1287
747
806
1392
406
1224
1008
69
967
848
875
247
792
1368
697
383
1168
767
57
1031
666
863
506
423
335
412
623
1151
549
408
723
1352
209
1193
947
912
1202
497
895
1366
102
371
1373
669
1391
659
775
1284
869
89
1049
1009
1435
703
328
267
712
906
828
147
417
930
791
1350
93
308
127
819
592
1133
474
573
1159
878
717
668
289
346
374
843
334
932
703
19
1278
359
1266
948
501
981
1193
1388
443
478
590
101
226
383
949
1303
734
1036
488
622
453
1351
259
1200
739
933
304
1320
735
688
476
458
523
1169
859
210
1344
1008
965
1066
507
356
1180
170
1337
82
919
1337
613
1051
440
1036
1216
652
156
643
1307
339
1229
345
773
386
287
1373
596
1235
619
76
608
740
1048
51
875
560
824
1183
364
1326
327
229
133
891
1013
41
936
404
280
784
807
328
1262
319
420
83
349
1332
784
229
1206
1374
1076
1210
578
553
472
423
340
588
834
1215
399
565
649
866
418
210
210
1315
624
370
764
1424
1419
1388
940
1428
1047
232
1336
180
1439
890
989
450
38
1271
189
253
339
1264
1199
797
672
537
20
398
612
956
917
1120
1070
1262
707
1132
302
1223
407
395
472
386
305
420
597
813
1360
890
286
296
247
523
162
1092
626
757
587
492
858
904
550
77
1086
512
406
1270
1019
1136
392
1219
1182
353
358
1058
504
1379
299
337
241
1197
213
281
414
910
405
403
169
917
862
47
282
710
153
1060
916
48
783
287
1351
398
938
545
1312
1094
197
104
483
427
799
1166
106
1196
1016
270
526
947
361
194
378
1385
194
969
738
21
1328
748
1423
1124
1019
106
623
979
1301
1392
360
1189
1118
335
280
187
484
1223
585
1385
1327
1137
1099
1222
197
943
1077
855
190
260
122
713
223
1107
233
1342
928
1156
504
310
1024
929
840
161
1379
1154
330
1158
97
860
1139
1385
349
404
1388
430
947
623
645
564
225
1075
245
572
1436
746
344
727
757
1395
1288
1307
21
775
1306
888
1044
1397
354
895
1220
325
830
1430
102
46
156
1162
152
939
212
1086
144
811
612
1255
222
1166
1070
510
145
1218
1257
453
148
287
661
233
1300
883
437
652
1423
1418
348
166
1255
152
914
930
420
1075
1377
233
110
114
967
56
672
620
1141
757
793
1317
967
1030
584
122
995
963
488
150
1153
714
931
184
356
590
479
561
802
521
577
1432
1101
593
70
50
850
814
608
369
280
1149
816
130
1318
1011
1141
883
359
113
1008
642
96
1189
714
290
121
557
834
259
1334
428
532
718
1058
1130
501
417
1180
1272
1149
476
870
811
391
299
551
667
1011
300
1095
569
569
737
651
420
497
762
1071
716
1415
238
310
338
1071
851
1193
623
1356
196
195
1019
68
1145
1398
426
1212
777
1073
1059
1408
140
971
771
851
924
447
477
1309
1337
427
172
240
207
199
338
412
979
539
595
96
1220
1087
301
701
300
1376
491
784
584
607
852
300
433
302
733
90
167
973
96
1258
1224
847
606
497
1062
882
558
593
712
336
1227
198
753
136
520
1344
1311
433
590
438
961
724
94
894
773
180
580
342
624
937
146
1413
841
537
748
1117
1111
925
189
1264
1049
1150
1009
430
1360
757
92
1223
125
1386
261
402
721
1148
880
335
786
123
662
470
659
463
274
513
496
1243
1146
571
371
1390
125
1398
777
1380
596
872
609
423
1248
1411
1092
1152
756
1001
120
913
1147
848
978
353
578
509
134
397
1002
340
646
691
382
696
793
1425
574
1439
1303
947
965
1170
1352
684
1437
1256
1389
945
620
718
770
85
1021
679
801
517
399
124
1073
355
1343
775
40
254
614
474
1289
1421
772
1142
845
700
833
269
1418
829
950
1183
1392
1065
178
809
962
675
865
577
814
1251
1237
586
1366
1330
1068
849
265
188
216
206
810
1258
1223
852
894
1061
84
1205
98
497
1086
1052
26
412
146
71
1412
1048
682
251
1232
659
1358
1244
1332
23
1435
805
106
629
1167
599
395
260
614
828
503
1100
1135
776
542
994
1168
100
1158
1139
542
1142
905
1024
177
726
667
615
280
653
758
1096
602
209
192
63
543
876
82
214
432
1299
1318
812
335
85
344
240
1422
281
551
1164
637
1438
995
845
491
594
1241
61
702
1204
466
329
689
897
706
821
1356
223
151
222
526
346
273
169
1059
467
922
763
1175
1349
1366
609
1099
175
1071
827
1059
1411
348
637
1079
924
921
940
1258
993
584
1043
754
36
50
925
457
1116
1008
390
940
380
291
1031
898
722
393
574
1011
552
544
1015
299
1143
920
496
960
634
1054
1141
228
277
329
1193
1272
57
480
139
940
1217
1242
163
737
811
909
1272
953
1264
257
92
1255
850
291
490
422
926
1225
1408
406
688
494
994
605
755
544
1106
729
16
1233
1007
403
953
556
1138
776
51
1301
783
726
647
998
1181
1094
629
472
273
535
245
1298
665
506
483
973
1431
1141
1331
44
1120
608
1168
479
747
490
1182
1305
719
969
1323
285
1386
501
216
1019
1297
354
184
201
270
315
151
548
1081
890
971
875
295
1115
1170
545
739
764
283
136
1056
985
1223
230
197
644
1230
600
794
490
744
605
211
1243
1079
506
622
1203
1034
157
1421
1088
1038
955
813
885
14
1214
966
488
619
1042
424
716
703
932
63
401
1094
859
1006
1264
515
166
1368
1123
252
909
873
986
1024
1209
1414
322
359
540
438
196
456
236
201
593
235
1069
776
1416
1353
144
1036
775
88
850
1104
1410
1139
656
710
581
959
690
1414
108
200
356
654
141
972
427
1092
204
973
1145
1390
148
1224
390
590
676
90
930
1380
398
1250
131
1046
365
1208
603
991
1000
1112
505
429
1057
1006
505
1389
682
893
739
618
1407
809
1326
1160
638
116
64
829
1135
288
594
1368
942
1111
263
329
667
1207
1369
1033
501
1263
511
762
753
202
1247
1065
1211
1286
719
853
1296
370
69
262
633
1167
1266
586
716
326
602
520
471
1291
542
750
986
1248
187
514
482
894
59
845
457
799
35
551
814
620
782
39
146
437
229
206
1123
24
354
356
540
1300
1388
739
973
933
1364
361
1312
1395
1150
1187
56
136
58
114
149
1257
524
149
966
1357
1119
640
592
617
1333
194
301
263
807
723
1045
1389
776
860
334
381
147
322
1413
681
821
651
72
189
1335
140
1169
257
402
669
1398
1259
136
1309
1147
594
213
1420
658
564
867
1410
421
1141
1086
65
1190
174
1114
551
694
477
716
1222
52
583
1055
796
262
605
388
238
285
1225
1374
1199
183
89
171
525
893
849
563
859
1006
654
358
1148
183
178
826
571
200
845
517
677
357
1023
1096
65
708
496
552
798
199
1180
843
1362
261
712
207
54
1405
1191
867
669
417
1136
106
1190
449
701
941
643
1193
692
626
270
265
69
1242
514
474
825
950
1302
447
787
1275
100
606
862
1406
251
481
118
794
589
490
439
428
1316
82
1294
841
521
148
499
318
464
1216
402
362
1323
138
1032
718
373
1396
1066
546
389
519
231
741
1133
1075
172
292
497
774
1083
554
348
1066
336
625
760
1244
92
906
536
1216
910
492
173
339
1063
904
364
72
1175
524
259
1320
1318
843
1130
113
1300
1329
1210
517
510
167
1275
1224
1163
944
1294
1295
450
997
450
651
1120
968
392
535
87
663
1230
441
1043
144
647
1320
506
1022
1275
583
998
1159
1352
1187
325
821
393
1086
718
313
799
351
1044
1106
818
527
710
332
815
341
1236
575
297
840
138
966
1034
345
403
857
153
1336
408
123
152
403
701
718
195
876
379
716
967
1412
612
273
1147
1390
200
484
1413
1425
870
783
753
814
966
1144
892
1207
1275
618
258
1003
661
594
1335
489
1299
1075
1274
119
872
1109
1120
438
987
841
941
852
1366
350
893
368
1396
342
384
1411
700
426
1304
143
1167
1394
1416
2
137
1295
1172
946
663
1154
227
1077
374
316
615
883
367
657
1323
1383
1119
1428
190
1079
409
1425
231
405
1045
1428
524
1275
441
86
167
1209
551
1430
86
1365
437
962
453
725
496
674
954
1085
1271
498
1184
1260
1334
738
443
469
279
1184
931
1242
97
302
959
136
564
244
1070
228
599
580
1197
1226
1069
1112
795
446
71
909
733
645
507
553
1217
747
1270
958
574
683
1126
142
170
430
1399
170
1302
6
1303
1077
370
1340
160
1262
1246
1169
1088
1009
413
1247
753
211
1083
1165
1057
950
144
1056
42
1106
1010
624
915
121
890
383
842
525
296
353
233
1434
244
372
570
75
265
968
1084
518
222
193
1261
644
647
1273
1229
772
945
1080
288
1289
1015
941
1272
1062
451
97
1046
567
1284
794
1250
650
837
1114
1191
918
283
64
730
1180
1053
770
70
1421
477
124
548
762
1098
184
1246
1207
721
1213
763
830
394
274
438
1271
321
1125
213
521
1086
861
1250
992
839
921
1372
1031
945
1203
947
50
247
115
148
798
331
572
860
884
1212
840
1247
384
596
783
1160
145
1368
843
1158
1315
1087
540
353
414
289
1100
267
52
834
564
1068
721
490
281
1205
1168
806
1004
274
937
915
261
1000
1003
624
652
1379
310
1320
562
899
769
855
372
831
426
393
1197
1111
1017
182
436
1411
665
1046
268
913
1255
181
1392
489
1192
299
1095
758
1370
708
814
1258
203
1139
1113
987
550
1077
456
1041
153
815
946
1171
157
668
855
1252
1137
172
1162
970
713
841
1256
1010
1436
787
531
808
248
884
315
972
1191
433
867
854
533
582
1291
700
777
1129
535
280
89
1348
991
582
860
497
149
256
161
345
1349
573
242
1181
611
1288
138
1200
540
514
54
241
572
839
102
1008
1035
214
1071
746
1042
251
1123
335
1308
1041
1307
114
191
263
1018
265
814
444
872
606
99
167
937
1398
1261
45
1160
91
165
697
1059
810
171
431
372
210
1127
299
1237
1013
641
221
153
777
862
471
1342
873
380
740
606
727
123
572
1179
1116
1206
838
85
224
497
855
606
1318
164
922
1326
406
1025
81
443
418
1347
1384
857
561
716
113
260
172
1161
388
725
986
210
304
797
163
943
308
1177
1094
185
1142
1332
274
315
158
1142
1352
1299
1358
1328
638
853
548
150
1039
1139
678
834
255
914
770
189
152
824
1150
431
559
1227
789
418
1379
475
1259
991
1177
131
1133
1292
210
1405
540
89
97
313
1161
199
715
719
696
1108
910
1175
77
546
999
242
681
1210
63
52
282
338
1371
1408
943
506
798
26
327
141
1408
658
962
1331
261
634
865
776
993
487
662
579
1296
1188
287
569
736
766
586
1311
984
543
312
320
912
1318
234
1042
394
1115
808
51
1288
1402
51
1197
224
727
649
607
1431
1152
926
313
400
1095
145
853
687
566
1209
1374
1409
525
1352
1068
32
22
246
202
1368
601
1323
1042
1423
377
1215
309
555
337
1314
267
326
978
412
409
421
221
849
440
230
1134
1040
147
422
940
495
459
519
418
973
1162
1231
697
1357
345
989
646
328
1415
478
116
1022
360
740
567
895
1348
1331
182
1068
1399
946
48
1075
995
1428
1236
1064
1117
442
1082
231
1166
1061
1216
397
720
962
1351
1168
764
372
512
122
1019
392
817
1141
785
972
1323
618
596
660
69
72
530
311
273
407
1127
178
693
1188
257
839
335
1059
696
683
849
185
1285
540
489
545
515
426
110
768
568
493
295
902
227
1212
148
1340
515
1270
838
1183
1407
252
149
942
1016
659
791
193
62
1048
902
623
160
1055
1379
57
1430
1285
1210
1350
1261
301
1139
231
606
308
88
1363
1396
805
1318
726
1104
461
590
1036
940
1415
1252
880
935
742
520
551
480
622
1375
920
396
898
437
762
554
1128
481
1219
714
859
1236
878
1256
1398
692
155
317
191
1126
1146
839
619
346
1066
1081
526
508
1346
343
1176
1160
554
1140
1117
290
995
181
798
854
758
648
1366
613
1021
272
197
629
32
633
1422
1292
354
149
364
1022
879
932
37
1331
645
831
184
1080
577
427
796
132
826
187
1193
517
531
643
198
1155
1048
460
1188
961
1373
346
92
617
1003
378
676
1219
1012
55
859
242
1312
1142
1306
1126
81
1329
1379
812
1086
1274
570
58
757
762
1394
1342
571
381
909
55
542
1315
1273
355
299
389
473
1279
623
1019
506
679
1262
603
882
1142
85
283
1411
1370
428
169
571
1378
488
650
1373
354
1204
491
739
862
276
741
872
