81
69
32
40
42
90
32
83
44
50
91
70
53
65
82
50
68
59
86
38
67
70
79
45
50
65
88
43
37
74
29
63
73
7
53
57
75
20
44
50
47
36
73
55
30
42
78
75
47
80
66
87
36
21
73
23
88
37
68
53
57
28
46
59
56
69
28
84
26
41
64
59
35
60
5
42
35
74
63
54
87
73
83
59
39
38
45
48
89
69
62
23
82
84
31
85
56
87
81
80
66
34
22
66
46
45
68
53
59
7
32
86
17
36
39
66
68
70
88
24
38
52
66
53
26
86
63
62
76
40
41
64
69
77
29
42
65
37
88
33
87
67
12
41
34
28
20
61
55
85
63
56
89
58
74
83
43
56
53
58
83
38
39
44
87
87
53
71
37
7
66
38
77
48
71
85
60
6
62
53
84
24
24
84
24
85
78
80
77
3
77
69
44
88
31
55
47
41
24
77
29
55
19
50
86
45
89
46
30
32
80
83
80
57
72
84
81
60
40
25
76
60
82
52
69
3
55
22
76
46
76
65
52
28
36
31
78
84
29
85
80
44
22
55
29
47
38
83
67
44
37
31
85
63
11
86
60
81
65
12
76
37
19
77
66
66
26
79
83
69
68
71
74
18
85
35
58
83
56
53
61
28
19
26
72
57
64
46
63
68
48
33
43
78
39
26
84
47
63
84
23
80
68
82
47
67
44
66
32
30
65
74
76
13
57
27
47
38
20
45
63
78
25
69
4
49
57
33
26
57
33
41
55
37
74
73
76
20
82
75
67
49
77
85
36
62
80
62
15
48
74
52
55
29
38
28
84
41
27
57
32
39
58
6
63
77
86
66
35
78
32
55
69
85
38
80
56
33
44
25
68
60
26
39
60
77
43
27
58
40
27
39
15
7
77
25
85
46
61
52
53
37
67
86
50
48
48
47
67
46
26
53
25
80
64
61
79
51
85
55
39
55
41
8
31
76
46
82
60
57
51
40
64
74
75
76
74
59
82
38
46
51
39
82
83
9
55
42
30
40
79
17
26
32
29
34
62
25
38
82
6
53
44
54
80
67
41
76
84
83
57
47
60
30
70
14
31
44
21
75
43
77
59
51
67
56
44
70
44
64
15
59
64
44
16
56
77
16
45
78
82
25
63
74
33
52
84
78
78
42
31
5
57
58
47
57
56
72
69
77
48
81
26
34
61
69
79
29
37
82
36
76
54
69
62
38
62
82
29
37
67
82
75
56
42
82
77
58
47
80
42
63
34
28
30
21
48
40
56
47
70
61
23
62
43
81
33
24
71
50
55
60
40
55
56
42
82
12
46
34
59
10
15
34
43
75
65
60
24
64
83
55
32
46
80
77
52
59
67
41
80
61
17
75
62
42
73
29
32
62
42
47
47
12
50
20
24
27
65
70
65
76
33
58
79
72
50
62
66
79
31
74
23
68
57
62
77
36
78
15
76
32
37
58
50
53
32
62
59
40
78
32
70
76
36
81
37
42
58
11
29
39
38
33
26
77
71
43
41
33
45
58
22
32
77
8
75
24
65
47
46
78
73
72
77
57
64
18
52
76
42
67
34
72
71
38
29
33
64
58
30
51
56
77
66
66
60
74
61
48
71
78
53
61
44
18
24
70
3
71
61
37
40
43
29
22
67
46
31
58
62
79
43
64
48
34
56
61
31
45
52
28
31
63
33
65
55
72
78
68
65
44
66
54
72
24
45
61
60
24
70
62
21
24
41
32
78
35
15
65
69
44
34
49
51
38
45
73
78
38
33
48
75
78
32
28
28
49
59
60
6
40
75
39
44
62
30
47
53
73
30
59
28
33
58
28
63
66
40
44
40
27
34
78
63
24
63
32
43
69
21
47
58
44
62
70
75
76
45
65
43
46
42
12
27
49
40
27
41
68
47
48
32
15
10
59
72
51
76
56
60
73
65
77
10
61
75
44
63
22
57
77
54
32
62
55
19
66
64
60
61
17
31
39
54
64
66
53
16
30
65
56
55
68
24
71
14
37
54
59
37
30
66
30
67
35
40
61
65
54
56
59
61
55
41
72
41
53
33
77
36
39
52
28
72
60
74
56
53
45
68
62
45
64
68
68
36
45
42
61
26
21
72
48
50
55
65
70
24
58
53
53
23
60
63
66
71
57
59
62
17
12
15
72
37
70
71
21
60
54
73
22
68
20
41
22
27
30
53
76
43
76
68
60
64
58
29
61
47
42
50
46
52
69
40
52
39
24
45
57
34
76
23
36
22
54
34
34
46
74
75
29
76
63
32
24
35
30
26
39
13
74
40
7
63
36
76
37
61
53
56
53
49
51
42
19
64
35
71
28
7
63
42
70
62
65
51
75
24
16
64
42
14
54
61
26
68
18
47
46
69
45
41
15
56
37
26
31
74
68
60
10
20
58
20
45
46
48
49
23
23
42
58
57
67
52
39
65
62
11
25
31
48
68
47
28
18
60
68
65
62
27
53
72
38
69
60
37
61
26
22
23
63
54
60
58
67
31
60
62
37
59
66
13
42
56
52
39
12
54
16
63
60
40
58
53
18
53
20
29
58
54
66
52
65
47
22
62
29
66
70
68
30
38
55
59
23
62
40
35
64
42
46
38
70
48
48
63
27
14
68
62
68
56
63
24
23
61
47
10
58
40
30
56
33
64
43
71
61
57
26
22
65
11
46
60
23
13
52
61
52
63
41
35
62
55
39
16
51
43
56
25
57
28
19
53
65
60
70
42
66
48
65
52
41
59
55
25
47
68
33
69
40
47
54
19
29
61
48
46
24
64
29
62
62
52
46
20
29
64
43
43
38
26
59
67
52
54
24
49
30
29
40
35
39
8
9
46
41
49
48
16
53
36
21
54
42
51
59
59
23
65
39
34
22
41
40
69
53
48
56
17
49
55
35
30
28
32
68
34
56
39
21
49
40
43
57
19
43
60
32
5
30
49
43
8
50
62
23
57
62
50
60
30
35
67
50
34
64
53
45
58
57
25
64
51
39
59
53
21
56
60
28
65
34
63
31
66
35
50
35
51
38
53
20
65
30
46
47
23
32
22
55
60
40
66
52
57
62
13
67
52
51
32
26
48
62
65
59
67
55
65
40
28
62
31
33
61
54
50
52
20
63
40
49
47
25
59
37
62
58
43
48
48
37
58
24
60
7
66
40
25
63
9
15
22
60
36
57
65
46
48
52
60
58
38
24
55
41
57
61
20
23
49
40
62
15
39
57
64
56
30
66
46
53
10
57
49
30
5
52
56
29
39
55
56
48
39
15
58
27
7
49
52
33
22
30
28
53
56
21
55
43
57
17
64
59
57
59
51
22
25
28
24
3
38
59
23
59
57
48
50
62
18
19
26
36
23
55
62
20
30
42
64
28
13
31
54
50
42
26
64
61
59
60
36
38
35
49
45
54
44
52
56
14
55
52
63
63
33
55
55
41
22
32
55
46
23
30
20
58
62
46
62
43
27
62
62
25
40
15
38
40
52
63
28
28
48
33
39
41
60
60
28
51
42
58
21
46
62
60
60
53
31
59
51
56
21
36
21
12
36
22
4
59
56
59
43
31
42
42
27
20
32
42
39
46
25
46
34
51
49
34
21
23
31
55
35
52
59
44
47
42
35
38
52
49
54
53
27
55
29
51
53
27
43
27
39
45
38
59
53
28
42
28
47
60
57
21
49
45
20
53
53
39
47
39
50
49
46
43
56
10
34
51
21
16
37
52
50
30
23
47
58
60
38
44
45
8
53
57
19
16
50
45
34
49
38
36
49
59
56
47
44
47
59
44
54
41
37
53
21
52
28
31
45
33
42
36
58
50
18
22
12
50
23
23
25
44
34
32
52
58
13
24
53
43
19
44
39
37
58
28
9
45
58
24
49
31
48
26
52
38
31
46
27
52
55
57
53
54
57
52
30
53
34
38
56
17
30
33
55
41
34
21
45
52
25
18
21
34
41
35
36
57
3
37
60
53
46
31
54
52
31
54
29
58
25
24
35
43
45
45
41
41
33
43
42
45
24
42
55
52
25
24
53
46
44
44
26
32
43
34
24
42
46
25
53
28
31
36
10
52
22
40
39
57
36
16
32
22
24
31
21
58
45
52
54
46
51
31
56
44
42
50
40
45
52
32
15
17
54
45
20
22
46
20
26
60
22
57
41
28
46
54
26
47
44
22
33
47
31
52
15
52
22
28
35
57
26
56
49
41
39
33
11
33
34
18
34
57
57
29
40
30
17
30
47
41
17
49
55
31
28
43
14
47
51
43
52
37
32
38
53
47
56
25
39
54
17
43
57
11
43
5
20
44
42
53
42
45
56
40
27
36
27
37
49
42
42
22
54
39
47
44
53
30
27
38
38
30
52
42
56
45
49
16
30
52
48
42
43
23
50
50
54
42
38
36
25
32
27
24
43
17
53
25
33
7
53
45
37
48
29
15
39
33
41
12
25
48
54
35
16
38
28
51
31
47
22
42
22
44
33
14
36
48
54
34
20
38
26
53
51
18
49
44
40
45
12
47
52
30
51
28
47
43
11
37
34
42
51
24
48
38
10
26
30
30
37
22
29
29
39
33
31
26
9
4
44
16
52
18
51
19
51
41
42
49
37
23
40
41
38
8
39
51
43
48
15
47
20
31
35
39
35
39
40
36
11
35
43
47
39
39
25
37
14
36
45
16
48
20
25
22
11
41
13
33
35
46
37
36
13
27
29
48
45
33
28
13
27
42
34
16
11
37
49
33
44
16
17
20
27
39
39
2
27
7
37
32
40
9
39
15
7
31
29
24
38
33
25
46
27
46
39
24
29
37
33
2
34
43
40
27
14
14
25
33
37
40
31
38
36
47
14
23
44
23
37
35
42
31
46
37
9
41
46
38
14
45
40
35
13
32
35
15
44
10
44
34
44
44
31
16
12
22
38
37
41
32
26
37
25
9
40
16
36
28
31
39
29
43
38
31
19
39
28
43
34
23
42
26
39
24
27
28
32
36
39
13
36
14
12
35
42
32
27
21
37
15
25
39
34
29
39
37
22
38
17
40
36
39
37
40
42
14
40
13
11
25
34
34
34
23
35
41
32
28
10
21
36
27
12
31
35
39
35
36
23
36
20
33
29
18
26
16
28
8
36
41
40
25
40
20
17
6
28
21
32
15
12
15
40
40
18
17
40
30
20
18
34
20
38
36
27
28
31
36
22
22
29
34
39
39
29
40
25
21
12
32
16
29
22
33
39
27
34
39
37
40
38
40
17
19
36
39
20
22
38
8
39
26
12
22
11
28
37
36
39
28
37
26
39
31
34
3
37
33
11
35
16
39
16
8
35
18
39
28
35
8
27
36
29
30
27
28
16
18
15
30
38
18
34
39
23
7
34
34
38
34
17
26
37
31
25
35
21
36
35
38
27
11
26
31
5
36
39
32
37
27
23
17
33
34
9
15
33
25
34
18
17
37
24
17
36
33
37
36
33
19
18
4
28
31
32
27
13
34
28
36
26
36
22
33
30
24
23
31
27
24
29
26
17
21
18
26
34
16
32
20
32
13
20
33
15
28
7
11
31
18
28
32
33
18
25
17
20
22
11
29
21
29
8
18
33
15
15
15
33
24
31
29
14
28
28
14
